[INFO] Scanning for projects...
[INFO] 
[INFO] ---------------------------< com.tgac:logic >---------------------------
[INFO] Building logic 2.0.0-SNAPSHOT
[INFO]   from pom.xml
[INFO] --------------------------------[ jar ]---------------------------------
[INFO] 
[INFO] --- maven-resources-plugin:2.6:resources (default-resources) @ logic ---
[INFO] Using 'UTF-8' encoding to copy filtered resources.
[INFO] skip non existing resourceDirectory /Users/praca/Desktop/projects/training/logic/src/main/resources
[INFO] 
[INFO] --- maven-compiler-plugin:3.1:compile (default-compile) @ logic ---
[INFO] Nothing to compile - all classes are up to date
[INFO] 
[INFO] --- maven-resources-plugin:2.6:testResources (default-testResources) @ logic ---
[INFO] Using 'UTF-8' encoding to copy filtered resources.
[INFO] skip non existing resourceDirectory /Users/praca/Desktop/projects/training/logic/src/test/resources
[INFO] 
[INFO] --- maven-compiler-plugin:3.1:testCompile (default-testCompile) @ logic ---
[INFO] Nothing to compile - all classes are up to date
[INFO] 
[INFO] --- maven-surefire-plugin:2.12.4:test (default-test) @ logic ---
[INFO] Surefire report directory: /Users/praca/Desktop/projects/training/logic/target/surefire-reports

-------------------------------------------------------
 T E S T S
-------------------------------------------------------
Running com.tgac.logic.unification.MiniKanrenTest
[{({2}, {2})}, {({3}, {3})}, {({3}, {3})}]
{HashMap((v1, (3, {1})), (v2, (4, {2})))}
Some(1)
(3, <name>, {false})
Package(substitutions=HashMap((<name>, {Anthony}), (<female>, {false}), (<_.46>, {(3, <name>, {false})})), constraints=LinkedHashMap())
Tests run: 42, Failures: 0, Errors: 1, Skipped: 0, Time elapsed: 0.701 sec <<< FAILURE!
shouldUnifyVarWithList(com.tgac.logic.unification.MiniKanrenTest)  Time elapsed: 0.503 sec  <<< ERROR!
java.util.NoSuchElementException: No value present
	at io.vavr.control.Option$None.get(Option.java:526)
	at com.tgac.logic.unification.MiniKanrenTest.shouldUnifyVarWithList(MiniKanrenTest.java:199)
	at sun.reflect.NativeMethodAccessorImpl.invoke0(Native Method)
	at sun.reflect.NativeMethodAccessorImpl.invoke(NativeMethodAccessorImpl.java:62)
	at sun.reflect.DelegatingMethodAccessorImpl.invoke(DelegatingMethodAccessorImpl.java:43)
	at java.lang.reflect.Method.invoke(Method.java:498)
	at org.junit.runners.model.FrameworkMethod$1.runReflectiveCall(FrameworkMethod.java:59)
	at org.junit.internal.runners.model.ReflectiveCallable.run(ReflectiveCallable.java:12)
	at org.junit.runners.model.FrameworkMethod.invokeExplosively(FrameworkMethod.java:56)
	at org.junit.internal.runners.statements.InvokeMethod.evaluate(InvokeMethod.java:17)
	at org.junit.runners.ParentRunner$3.evaluate(ParentRunner.java:306)
	at org.junit.runners.BlockJUnit4ClassRunner$1.evaluate(BlockJUnit4ClassRunner.java:100)
	at org.junit.runners.ParentRunner.runLeaf(ParentRunner.java:366)
	at org.junit.runners.BlockJUnit4ClassRunner.runChild(BlockJUnit4ClassRunner.java:103)
	at org.junit.runners.BlockJUnit4ClassRunner.runChild(BlockJUnit4ClassRunner.java:63)
	at org.junit.runners.ParentRunner$4.run(ParentRunner.java:331)
	at org.junit.runners.ParentRunner$1.schedule(ParentRunner.java:79)
	at org.junit.runners.ParentRunner.runChildren(ParentRunner.java:329)
	at org.junit.runners.ParentRunner.access$100(ParentRunner.java:66)
	at org.junit.runners.ParentRunner$2.evaluate(ParentRunner.java:293)
	at org.junit.runners.ParentRunner$3.evaluate(ParentRunner.java:306)
	at org.junit.runners.ParentRunner.run(ParentRunner.java:413)
	at org.apache.maven.surefire.junit4.JUnit4Provider.execute(JUnit4Provider.java:252)
	at org.apache.maven.surefire.junit4.JUnit4Provider.executeTestSet(JUnit4Provider.java:141)
	at org.apache.maven.surefire.junit4.JUnit4Provider.invoke(JUnit4Provider.java:112)
	at sun.reflect.NativeMethodAccessorImpl.invoke0(Native Method)
	at sun.reflect.NativeMethodAccessorImpl.invoke(NativeMethodAccessorImpl.java:62)
	at sun.reflect.DelegatingMethodAccessorImpl.invoke(DelegatingMethodAccessorImpl.java:43)
	at java.lang.reflect.Method.invoke(Method.java:498)
	at org.apache.maven.surefire.util.ReflectionUtils.invokeMethodWithArray(ReflectionUtils.java:189)
	at org.apache.maven.surefire.booter.ProviderFactory$ProviderProxy.invoke(ProviderFactory.java:165)
	at org.apache.maven.surefire.booter.ProviderFactory.invokeProvider(ProviderFactory.java:85)
	at org.apache.maven.surefire.booter.ForkedBooter.runSuitesInProcess(ForkedBooter.java:115)
	at org.apache.maven.surefire.booter.ForkedBooter.main(ForkedBooter.java:75)

Running com.tgac.logic.tabling.TableEntryTest
Tests run: 6, Failures: 0, Errors: 0, Skipped: 0, Time elapsed: 0 sec
Running com.tgac.logic.tabling.TablingTest
Before solve - table size: 0
[DEBUG] path - tabling with args: List(<_.153>, <_.154>)
[DEBUG] path - reified key: path({1}, {4})
[DEBUG] path - MASTER
[DEBUG] path - tabling with args: List(<_.153>, <_.156>)
[DEBUG] path - reified key: path({1}, <_.0>)
[DEBUG] path - MASTER
[DEBUG] path - tabling with args: List(<_.153>, <_.157>)
[DEBUG] path - reified key: path({1}, <_.0>)
[DEBUG] path - SLAVE
Tests run: 13, Failures: 0, Errors: 12, Skipped: 0, Time elapsed: 5.057 sec <<< FAILURE!
testTabledAncestorWithGroundArguments(com.tgac.logic.tabling.TablingTest)  Time elapsed: 0.004 sec  <<< ERROR!
java.lang.RuntimeException: Error getting answer from table
	at com.tgac.logic.tabling.Tabling.consumeAnswers(Tabling.java:173)
	at com.tgac.logic.tabling.Tabling.lambda$null$7(Tabling.java:117)
	at com.tgac.functional.fibers.Fiber$FlatMap.lambda$of$0(Fiber.java:170)
	at com.tgac.functional.fibers.schedulers.BredthFirstScheduler.step(BredthFirstScheduler.java:115)
	at com.tgac.functional.fibers.schedulers.BredthFirstScheduler.run(BredthFirstScheduler.java:49)
	at com.tgac.logic.goals.Goal$1.tryAdvance(Goal.java:354)
	at java.util.Spliterator.forEachRemaining(Spliterator.java:326)
	at java.util.stream.AbstractPipeline.copyInto(AbstractPipeline.java:482)
	at java.util.stream.AbstractPipeline.wrapAndCopyInto(AbstractPipeline.java:472)
	at java.util.stream.ReduceOps$ReduceOp.evaluateSequential(ReduceOps.java:708)
	at java.util.stream.AbstractPipeline.evaluate(AbstractPipeline.java:234)
	at java.util.stream.LongPipeline.reduce(LongPipeline.java:461)
	at java.util.stream.LongPipeline.sum(LongPipeline.java:419)
	at java.util.stream.ReferencePipeline.count(ReferencePipeline.java:593)
	at com.tgac.logic.tabling.TablingTest.testTabledAncestorWithGroundArguments(TablingTest.java:90)
	at sun.reflect.NativeMethodAccessorImpl.invoke0(Native Method)
	at sun.reflect.NativeMethodAccessorImpl.invoke(NativeMethodAccessorImpl.java:62)
	at sun.reflect.DelegatingMethodAccessorImpl.invoke(DelegatingMethodAccessorImpl.java:43)
	at java.lang.reflect.Method.invoke(Method.java:498)
	at org.junit.runners.model.FrameworkMethod$1.runReflectiveCall(FrameworkMethod.java:59)
	at org.junit.internal.runners.model.ReflectiveCallable.run(ReflectiveCallable.java:12)
	at org.junit.runners.model.FrameworkMethod.invokeExplosively(FrameworkMethod.java:56)
	at org.junit.internal.runners.statements.InvokeMethod.evaluate(InvokeMethod.java:17)
	at org.junit.internal.runners.statements.RunBefores.evaluate(RunBefores.java:26)
	at org.junit.runners.ParentRunner$3.evaluate(ParentRunner.java:306)
	at org.junit.runners.BlockJUnit4ClassRunner$1.evaluate(BlockJUnit4ClassRunner.java:100)
	at org.junit.runners.ParentRunner.runLeaf(ParentRunner.java:366)
	at org.junit.runners.BlockJUnit4ClassRunner.runChild(BlockJUnit4ClassRunner.java:103)
	at org.junit.runners.BlockJUnit4ClassRunner.runChild(BlockJUnit4ClassRunner.java:63)
	at org.junit.runners.ParentRunner$4.run(ParentRunner.java:331)
	at org.junit.runners.ParentRunner$1.schedule(ParentRunner.java:79)
	at org.junit.runners.ParentRunner.runChildren(ParentRunner.java:329)
	at org.junit.runners.ParentRunner.access$100(ParentRunner.java:66)
	at org.junit.runners.ParentRunner$2.evaluate(ParentRunner.java:293)
	at org.junit.runners.ParentRunner$3.evaluate(ParentRunner.java:306)
	at org.junit.runners.ParentRunner.run(ParentRunner.java:413)
	at org.apache.maven.surefire.junit4.JUnit4Provider.execute(JUnit4Provider.java:252)
	at org.apache.maven.surefire.junit4.JUnit4Provider.executeTestSet(JUnit4Provider.java:141)
	at org.apache.maven.surefire.junit4.JUnit4Provider.invoke(JUnit4Provider.java:112)
	at sun.reflect.NativeMethodAccessorImpl.invoke0(Native Method)
	at sun.reflect.NativeMethodAccessorImpl.invoke(NativeMethodAccessorImpl.java:62)
	at sun.reflect.DelegatingMethodAccessorImpl.invoke(DelegatingMethodAccessorImpl.java:43)
	at java.lang.reflect.Method.invoke(Method.java:498)
	at org.apache.maven.surefire.util.ReflectionUtils.invokeMethodWithArray(ReflectionUtils.java:189)
	at org.apache.maven.surefire.booter.ProviderFactory$ProviderProxy.invoke(ProviderFactory.java:165)
	at org.apache.maven.surefire.booter.ProviderFactory.invokeProvider(ProviderFactory.java:85)
	at org.apache.maven.surefire.booter.ForkedBooter.runSuitesInProcess(ForkedBooter.java:115)
	at org.apache.maven.surefire.booter.ForkedBooter.main(ForkedBooter.java:75)
Caused by: java.lang.ClassCastException: com.tgac.functional.fibers.MFiber cannot be cast to com.tgac.functional.fibers.Fiber
	at com.tgac.logic.tabling.Tabling.lambda$unifyArguments$20(Tabling.java:225)
	at com.tgac.functional.fibers.Fiber$Done.flatMap(Fiber.java:116)
	at com.tgac.logic.tabling.Tabling.unifyArguments(Tabling.java:219)
	at com.tgac.logic.tabling.Tabling.consumeAnswers(Tabling.java:158)
	... 47 more

testTabledGoalWithNonGroundArgs(com.tgac.logic.tabling.TablingTest)  Time elapsed: 0.001 sec  <<< ERROR!
java.lang.RuntimeException: Error getting answer from table
	at com.tgac.logic.tabling.Tabling.consumeAnswers(Tabling.java:173)
	at com.tgac.logic.tabling.Tabling.lambda$null$7(Tabling.java:117)
	at com.tgac.functional.fibers.Fiber$FlatMap.lambda$of$0(Fiber.java:170)
	at com.tgac.functional.fibers.schedulers.BredthFirstScheduler.step(BredthFirstScheduler.java:115)
	at com.tgac.functional.fibers.schedulers.BredthFirstScheduler.run(BredthFirstScheduler.java:49)
	at com.tgac.logic.goals.Goal$1.tryAdvance(Goal.java:354)
	at java.util.Spliterator.forEachRemaining(Spliterator.java:326)
	at java.util.stream.AbstractPipeline.copyInto(AbstractPipeline.java:482)
	at java.util.stream.AbstractPipeline.wrapAndCopyInto(AbstractPipeline.java:472)
	at java.util.stream.ReduceOps$ReduceOp.evaluateSequential(ReduceOps.java:708)
	at java.util.stream.AbstractPipeline.evaluate(AbstractPipeline.java:234)
	at java.util.stream.ReferencePipeline.collect(ReferencePipeline.java:566)
	at com.tgac.logic.tabling.TablingTest.testTabledGoalWithNonGroundArgs(TablingTest.java:225)
	at sun.reflect.NativeMethodAccessorImpl.invoke0(Native Method)
	at sun.reflect.NativeMethodAccessorImpl.invoke(NativeMethodAccessorImpl.java:62)
	at sun.reflect.DelegatingMethodAccessorImpl.invoke(DelegatingMethodAccessorImpl.java:43)
	at java.lang.reflect.Method.invoke(Method.java:498)
	at org.junit.runners.model.FrameworkMethod$1.runReflectiveCall(FrameworkMethod.java:59)
	at org.junit.internal.runners.model.ReflectiveCallable.run(ReflectiveCallable.java:12)
	at org.junit.runners.model.FrameworkMethod.invokeExplosively(FrameworkMethod.java:56)
	at org.junit.internal.runners.statements.InvokeMethod.evaluate(InvokeMethod.java:17)
	at org.junit.internal.runners.statements.RunBefores.evaluate(RunBefores.java:26)
	at org.junit.runners.ParentRunner$3.evaluate(ParentRunner.java:306)
	at org.junit.runners.BlockJUnit4ClassRunner$1.evaluate(BlockJUnit4ClassRunner.java:100)
	at org.junit.runners.ParentRunner.runLeaf(ParentRunner.java:366)
	at org.junit.runners.BlockJUnit4ClassRunner.runChild(BlockJUnit4ClassRunner.java:103)
	at org.junit.runners.BlockJUnit4ClassRunner.runChild(BlockJUnit4ClassRunner.java:63)
	at org.junit.runners.ParentRunner$4.run(ParentRunner.java:331)
	at org.junit.runners.ParentRunner$1.schedule(ParentRunner.java:79)
	at org.junit.runners.ParentRunner.runChildren(ParentRunner.java:329)
	at org.junit.runners.ParentRunner.access$100(ParentRunner.java:66)
	at org.junit.runners.ParentRunner$2.evaluate(ParentRunner.java:293)
	at org.junit.runners.ParentRunner$3.evaluate(ParentRunner.java:306)
	at org.junit.runners.ParentRunner.run(ParentRunner.java:413)
	at org.apache.maven.surefire.junit4.JUnit4Provider.execute(JUnit4Provider.java:252)
	at org.apache.maven.surefire.junit4.JUnit4Provider.executeTestSet(JUnit4Provider.java:141)
	at org.apache.maven.surefire.junit4.JUnit4Provider.invoke(JUnit4Provider.java:112)
	at sun.reflect.NativeMethodAccessorImpl.invoke0(Native Method)
	at sun.reflect.NativeMethodAccessorImpl.invoke(NativeMethodAccessorImpl.java:62)
	at sun.reflect.DelegatingMethodAccessorImpl.invoke(DelegatingMethodAccessorImpl.java:43)
	at java.lang.reflect.Method.invoke(Method.java:498)
	at org.apache.maven.surefire.util.ReflectionUtils.invokeMethodWithArray(ReflectionUtils.java:189)
	at org.apache.maven.surefire.booter.ProviderFactory$ProviderProxy.invoke(ProviderFactory.java:165)
	at org.apache.maven.surefire.booter.ProviderFactory.invokeProvider(ProviderFactory.java:85)
	at org.apache.maven.surefire.booter.ForkedBooter.runSuitesInProcess(ForkedBooter.java:115)
	at org.apache.maven.surefire.booter.ForkedBooter.main(ForkedBooter.java:75)
Caused by: java.lang.ClassCastException: com.tgac.functional.fibers.MFiber cannot be cast to com.tgac.functional.fibers.Fiber
	at com.tgac.logic.tabling.Tabling.lambda$unifyArguments$20(Tabling.java:225)
	at com.tgac.functional.fibers.Fiber$Done.flatMap(Fiber.java:116)
	at com.tgac.logic.tabling.Tabling.unifyArguments(Tabling.java:219)
	at com.tgac.logic.tabling.Tabling.consumeAnswers(Tabling.java:158)
	... 45 more

testDeepRecursionChain(com.tgac.logic.tabling.TablingTest)  Time elapsed: 0.029 sec  <<< ERROR!
java.lang.RuntimeException: Error getting answer from table
	at com.tgac.logic.tabling.Tabling.consumeAnswers(Tabling.java:173)
	at com.tgac.logic.tabling.Tabling.lambda$null$7(Tabling.java:117)
	at com.tgac.functional.fibers.Fiber$FlatMap.lambda$of$0(Fiber.java:170)
	at com.tgac.functional.fibers.schedulers.BredthFirstScheduler.step(BredthFirstScheduler.java:115)
	at com.tgac.functional.fibers.schedulers.BredthFirstScheduler.run(BredthFirstScheduler.java:49)
	at com.tgac.logic.goals.Goal$1.tryAdvance(Goal.java:354)
	at java.util.Spliterator.forEachRemaining(Spliterator.java:326)
	at java.util.stream.AbstractPipeline.copyInto(AbstractPipeline.java:482)
	at java.util.stream.AbstractPipeline.wrapAndCopyInto(AbstractPipeline.java:472)
	at java.util.stream.ReduceOps$ReduceOp.evaluateSequential(ReduceOps.java:708)
	at java.util.stream.AbstractPipeline.evaluate(AbstractPipeline.java:234)
	at java.util.stream.LongPipeline.reduce(LongPipeline.java:461)
	at java.util.stream.LongPipeline.sum(LongPipeline.java:419)
	at java.util.stream.ReferencePipeline.count(ReferencePipeline.java:593)
	at com.tgac.logic.tabling.TablingTest.testDeepRecursionChain(TablingTest.java:422)
	at sun.reflect.NativeMethodAccessorImpl.invoke0(Native Method)
	at sun.reflect.NativeMethodAccessorImpl.invoke(NativeMethodAccessorImpl.java:62)
	at sun.reflect.DelegatingMethodAccessorImpl.invoke(DelegatingMethodAccessorImpl.java:43)
	at java.lang.reflect.Method.invoke(Method.java:498)
	at org.junit.runners.model.FrameworkMethod$1.runReflectiveCall(FrameworkMethod.java:59)
	at org.junit.internal.runners.model.ReflectiveCallable.run(ReflectiveCallable.java:12)
	at org.junit.runners.model.FrameworkMethod.invokeExplosively(FrameworkMethod.java:56)
	at org.junit.internal.runners.statements.InvokeMethod.evaluate(InvokeMethod.java:17)
	at org.junit.internal.runners.statements.FailOnTimeout$CallableStatement.call(FailOnTimeout.java:299)
	at org.junit.internal.runners.statements.FailOnTimeout$CallableStatement.call(FailOnTimeout.java:293)
	at java.util.concurrent.FutureTask.run(FutureTask.java:266)
	at java.lang.Thread.run(Thread.java:750)
Caused by: java.lang.ClassCastException: com.tgac.functional.fibers.MFiber cannot be cast to com.tgac.functional.fibers.Fiber
	at com.tgac.logic.tabling.Tabling.lambda$unifyArguments$20(Tabling.java:225)
	at com.tgac.functional.fibers.Fiber$Done.flatMap(Fiber.java:116)
	at com.tgac.logic.tabling.Tabling.unifyArguments(Tabling.java:219)
	at com.tgac.logic.tabling.Tabling.consumeAnswers(Tabling.java:158)
	... 26 more

testTabledAncestorFindAncestors(com.tgac.logic.tabling.TablingTest)  Time elapsed: 0.002 sec  <<< ERROR!
java.lang.RuntimeException: Error getting answer from table
	at com.tgac.logic.tabling.Tabling.consumeAnswers(Tabling.java:173)
	at com.tgac.logic.tabling.Tabling.lambda$consumerCont$9(Tabling.java:126)
	at com.tgac.logic.tabling.Tabling.lambda$null$0(Tabling.java:75)
	at com.tgac.functional.fibers.Fiber$Done.flatMap(Fiber.java:116)
	at com.tgac.logic.tabling.Tabling.lambda$null$1(Tabling.java:52)
	at com.tgac.functional.monad.Cont.lambda$null$0(Cont.java:24)
	at com.tgac.functional.fibers.schedulers.BredthFirstScheduler.step(BredthFirstScheduler.java:92)
	at com.tgac.functional.fibers.schedulers.BredthFirstScheduler.run(BredthFirstScheduler.java:49)
	at com.tgac.logic.goals.Goal$1.tryAdvance(Goal.java:354)
	at java.util.Spliterator.forEachRemaining(Spliterator.java:326)
	at java.util.stream.AbstractPipeline.copyInto(AbstractPipeline.java:482)
	at java.util.stream.AbstractPipeline.wrapAndCopyInto(AbstractPipeline.java:472)
	at java.util.stream.ReduceOps$ReduceOp.evaluateSequential(ReduceOps.java:708)
	at java.util.stream.AbstractPipeline.evaluate(AbstractPipeline.java:234)
	at java.util.stream.ReferencePipeline.collect(ReferencePipeline.java:566)
	at com.tgac.logic.tabling.TablingTest.testTabledAncestorFindAncestors(TablingTest.java:125)
	at sun.reflect.NativeMethodAccessorImpl.invoke0(Native Method)
	at sun.reflect.NativeMethodAccessorImpl.invoke(NativeMethodAccessorImpl.java:62)
	at sun.reflect.DelegatingMethodAccessorImpl.invoke(DelegatingMethodAccessorImpl.java:43)
	at java.lang.reflect.Method.invoke(Method.java:498)
	at org.junit.runners.model.FrameworkMethod$1.runReflectiveCall(FrameworkMethod.java:59)
	at org.junit.internal.runners.model.ReflectiveCallable.run(ReflectiveCallable.java:12)
	at org.junit.runners.model.FrameworkMethod.invokeExplosively(FrameworkMethod.java:56)
	at org.junit.internal.runners.statements.InvokeMethod.evaluate(InvokeMethod.java:17)
	at org.junit.internal.runners.statements.RunBefores.evaluate(RunBefores.java:26)
	at org.junit.runners.ParentRunner$3.evaluate(ParentRunner.java:306)
	at org.junit.runners.BlockJUnit4ClassRunner$1.evaluate(BlockJUnit4ClassRunner.java:100)
	at org.junit.runners.ParentRunner.runLeaf(ParentRunner.java:366)
	at org.junit.runners.BlockJUnit4ClassRunner.runChild(BlockJUnit4ClassRunner.java:103)
	at org.junit.runners.BlockJUnit4ClassRunner.runChild(BlockJUnit4ClassRunner.java:63)
	at org.junit.runners.ParentRunner$4.run(ParentRunner.java:331)
	at org.junit.runners.ParentRunner$1.schedule(ParentRunner.java:79)
	at org.junit.runners.ParentRunner.runChildren(ParentRunner.java:329)
	at org.junit.runners.ParentRunner.access$100(ParentRunner.java:66)
	at org.junit.runners.ParentRunner$2.evaluate(ParentRunner.java:293)
	at org.junit.runners.ParentRunner$3.evaluate(ParentRunner.java:306)
	at org.junit.runners.ParentRunner.run(ParentRunner.java:413)
	at org.apache.maven.surefire.junit4.JUnit4Provider.execute(JUnit4Provider.java:252)
	at org.apache.maven.surefire.junit4.JUnit4Provider.executeTestSet(JUnit4Provider.java:141)
	at org.apache.maven.surefire.junit4.JUnit4Provider.invoke(JUnit4Provider.java:112)
	at sun.reflect.NativeMethodAccessorImpl.invoke0(Native Method)
	at sun.reflect.NativeMethodAccessorImpl.invoke(NativeMethodAccessorImpl.java:62)
	at sun.reflect.DelegatingMethodAccessorImpl.invoke(DelegatingMethodAccessorImpl.java:43)
	at java.lang.reflect.Method.invoke(Method.java:498)
	at org.apache.maven.surefire.util.ReflectionUtils.invokeMethodWithArray(ReflectionUtils.java:189)
	at org.apache.maven.surefire.booter.ProviderFactory$ProviderProxy.invoke(ProviderFactory.java:165)
	at org.apache.maven.surefire.booter.ProviderFactory.invokeProvider(ProviderFactory.java:85)
	at org.apache.maven.surefire.booter.ForkedBooter.runSuitesInProcess(ForkedBooter.java:115)
	at org.apache.maven.surefire.booter.ForkedBooter.main(ForkedBooter.java:75)
Caused by: java.lang.ClassCastException: com.tgac.functional.fibers.MFiber cannot be cast to com.tgac.functional.fibers.Fiber
	at com.tgac.logic.tabling.Tabling.lambda$unifyArguments$20(Tabling.java:225)
	at com.tgac.functional.fibers.Fiber$Done.flatMap(Fiber.java:116)
	at com.tgac.logic.tabling.Tabling.unifyArguments(Tabling.java:219)
	at com.tgac.logic.tabling.Tabling.consumeAnswers(Tabling.java:158)
	... 48 more

testTablingCachesResults(com.tgac.logic.tabling.TablingTest)  Time elapsed: 0.002 sec  <<< ERROR!
java.lang.RuntimeException: Error getting answer from table
	at com.tgac.logic.tabling.Tabling.consumeAnswers(Tabling.java:173)
	at com.tgac.logic.tabling.Tabling.lambda$null$7(Tabling.java:117)
	at com.tgac.functional.fibers.Fiber$FlatMap.lambda$of$0(Fiber.java:170)
	at com.tgac.functional.fibers.schedulers.BredthFirstScheduler.step(BredthFirstScheduler.java:115)
	at com.tgac.functional.fibers.schedulers.BredthFirstScheduler.run(BredthFirstScheduler.java:49)
	at com.tgac.logic.goals.Goal$1.tryAdvance(Goal.java:354)
	at java.util.Spliterator.forEachRemaining(Spliterator.java:326)
	at java.util.stream.AbstractPipeline.copyInto(AbstractPipeline.java:482)
	at java.util.stream.AbstractPipeline.wrapAndCopyInto(AbstractPipeline.java:472)
	at java.util.stream.ReduceOps$ReduceOp.evaluateSequential(ReduceOps.java:708)
	at java.util.stream.AbstractPipeline.evaluate(AbstractPipeline.java:234)
	at java.util.stream.LongPipeline.reduce(LongPipeline.java:461)
	at java.util.stream.LongPipeline.sum(LongPipeline.java:419)
	at java.util.stream.ReferencePipeline.count(ReferencePipeline.java:593)
	at com.tgac.logic.tabling.TablingTest.testTablingCachesResults(TablingTest.java:139)
	at sun.reflect.NativeMethodAccessorImpl.invoke0(Native Method)
	at sun.reflect.NativeMethodAccessorImpl.invoke(NativeMethodAccessorImpl.java:62)
	at sun.reflect.DelegatingMethodAccessorImpl.invoke(DelegatingMethodAccessorImpl.java:43)
	at java.lang.reflect.Method.invoke(Method.java:498)
	at org.junit.runners.model.FrameworkMethod$1.runReflectiveCall(FrameworkMethod.java:59)
	at org.junit.internal.runners.model.ReflectiveCallable.run(ReflectiveCallable.java:12)
	at org.junit.runners.model.FrameworkMethod.invokeExplosively(FrameworkMethod.java:56)
	at org.junit.internal.runners.statements.InvokeMethod.evaluate(InvokeMethod.java:17)
	at org.junit.internal.runners.statements.RunBefores.evaluate(RunBefores.java:26)
	at org.junit.runners.ParentRunner$3.evaluate(ParentRunner.java:306)
	at org.junit.runners.BlockJUnit4ClassRunner$1.evaluate(BlockJUnit4ClassRunner.java:100)
	at org.junit.runners.ParentRunner.runLeaf(ParentRunner.java:366)
	at org.junit.runners.BlockJUnit4ClassRunner.runChild(BlockJUnit4ClassRunner.java:103)
	at org.junit.runners.BlockJUnit4ClassRunner.runChild(BlockJUnit4ClassRunner.java:63)
	at org.junit.runners.ParentRunner$4.run(ParentRunner.java:331)
	at org.junit.runners.ParentRunner$1.schedule(ParentRunner.java:79)
	at org.junit.runners.ParentRunner.runChildren(ParentRunner.java:329)
	at org.junit.runners.ParentRunner.access$100(ParentRunner.java:66)
	at org.junit.runners.ParentRunner$2.evaluate(ParentRunner.java:293)
	at org.junit.runners.ParentRunner$3.evaluate(ParentRunner.java:306)
	at org.junit.runners.ParentRunner.run(ParentRunner.java:413)
	at org.apache.maven.surefire.junit4.JUnit4Provider.execute(JUnit4Provider.java:252)
	at org.apache.maven.surefire.junit4.JUnit4Provider.executeTestSet(JUnit4Provider.java:141)
	at org.apache.maven.surefire.junit4.JUnit4Provider.invoke(JUnit4Provider.java:112)
	at sun.reflect.NativeMethodAccessorImpl.invoke0(Native Method)
	at sun.reflect.NativeMethodAccessorImpl.invoke(NativeMethodAccessorImpl.java:62)
	at sun.reflect.DelegatingMethodAccessorImpl.invoke(DelegatingMethodAccessorImpl.java:43)
	at java.lang.reflect.Method.invoke(Method.java:498)
	at org.apache.maven.surefire.util.ReflectionUtils.invokeMethodWithArray(ReflectionUtils.java:189)
	at org.apache.maven.surefire.booter.ProviderFactory$ProviderProxy.invoke(ProviderFactory.java:165)
	at org.apache.maven.surefire.booter.ProviderFactory.invokeProvider(ProviderFactory.java:85)
	at org.apache.maven.surefire.booter.ForkedBooter.runSuitesInProcess(ForkedBooter.java:115)
	at org.apache.maven.surefire.booter.ForkedBooter.main(ForkedBooter.java:75)
Caused by: java.lang.ClassCastException: com.tgac.functional.fibers.MFiber cannot be cast to com.tgac.functional.fibers.Fiber
	at com.tgac.logic.tabling.Tabling.lambda$unifyArguments$20(Tabling.java:225)
	at com.tgac.functional.fibers.Fiber$Done.flatMap(Fiber.java:116)
	at com.tgac.logic.tabling.Tabling.unifyArguments(Tabling.java:219)
	at com.tgac.logic.tabling.Tabling.consumeAnswers(Tabling.java:158)
	... 47 more

testManyAnswers(com.tgac.logic.tabling.TablingTest)  Time elapsed: 0.004 sec  <<< ERROR!
java.lang.RuntimeException: Error getting answer from table
	at com.tgac.logic.tabling.Tabling.consumeAnswers(Tabling.java:173)
	at com.tgac.logic.tabling.Tabling.lambda$null$7(Tabling.java:117)
	at com.tgac.functional.fibers.Fiber$FlatMap.lambda$of$0(Fiber.java:170)
	at com.tgac.functional.fibers.schedulers.BredthFirstScheduler.step(BredthFirstScheduler.java:115)
	at com.tgac.functional.fibers.schedulers.BredthFirstScheduler.run(BredthFirstScheduler.java:49)
	at com.tgac.logic.goals.Goal$1.tryAdvance(Goal.java:354)
	at java.util.Spliterator.forEachRemaining(Spliterator.java:326)
	at java.util.stream.AbstractPipeline.copyInto(AbstractPipeline.java:482)
	at java.util.stream.AbstractPipeline.wrapAndCopyInto(AbstractPipeline.java:472)
	at java.util.stream.ReduceOps$ReduceOp.evaluateSequential(ReduceOps.java:708)
	at java.util.stream.AbstractPipeline.evaluate(AbstractPipeline.java:234)
	at java.util.stream.ReferencePipeline.collect(ReferencePipeline.java:566)
	at com.tgac.logic.tabling.TablingTest.testManyAnswers(TablingTest.java:455)
	at sun.reflect.NativeMethodAccessorImpl.invoke0(Native Method)
	at sun.reflect.NativeMethodAccessorImpl.invoke(NativeMethodAccessorImpl.java:62)
	at sun.reflect.DelegatingMethodAccessorImpl.invoke(DelegatingMethodAccessorImpl.java:43)
	at java.lang.reflect.Method.invoke(Method.java:498)
	at org.junit.runners.model.FrameworkMethod$1.runReflectiveCall(FrameworkMethod.java:59)
	at org.junit.internal.runners.model.ReflectiveCallable.run(ReflectiveCallable.java:12)
	at org.junit.runners.model.FrameworkMethod.invokeExplosively(FrameworkMethod.java:56)
	at org.junit.internal.runners.statements.InvokeMethod.evaluate(InvokeMethod.java:17)
	at org.junit.internal.runners.statements.RunBefores.evaluate(RunBefores.java:26)
	at org.junit.runners.ParentRunner$3.evaluate(ParentRunner.java:306)
	at org.junit.runners.BlockJUnit4ClassRunner$1.evaluate(BlockJUnit4ClassRunner.java:100)
	at org.junit.runners.ParentRunner.runLeaf(ParentRunner.java:366)
	at org.junit.runners.BlockJUnit4ClassRunner.runChild(BlockJUnit4ClassRunner.java:103)
	at org.junit.runners.BlockJUnit4ClassRunner.runChild(BlockJUnit4ClassRunner.java:63)
	at org.junit.runners.ParentRunner$4.run(ParentRunner.java:331)
	at org.junit.runners.ParentRunner$1.schedule(ParentRunner.java:79)
	at org.junit.runners.ParentRunner.runChildren(ParentRunner.java:329)
	at org.junit.runners.ParentRunner.access$100(ParentRunner.java:66)
	at org.junit.runners.ParentRunner$2.evaluate(ParentRunner.java:293)
	at org.junit.runners.ParentRunner$3.evaluate(ParentRunner.java:306)
	at org.junit.runners.ParentRunner.run(ParentRunner.java:413)
	at org.apache.maven.surefire.junit4.JUnit4Provider.execute(JUnit4Provider.java:252)
	at org.apache.maven.surefire.junit4.JUnit4Provider.executeTestSet(JUnit4Provider.java:141)
	at org.apache.maven.surefire.junit4.JUnit4Provider.invoke(JUnit4Provider.java:112)
	at sun.reflect.NativeMethodAccessorImpl.invoke0(Native Method)
	at sun.reflect.NativeMethodAccessorImpl.invoke(NativeMethodAccessorImpl.java:62)
	at sun.reflect.DelegatingMethodAccessorImpl.invoke(DelegatingMethodAccessorImpl.java:43)
	at java.lang.reflect.Method.invoke(Method.java:498)
	at org.apache.maven.surefire.util.ReflectionUtils.invokeMethodWithArray(ReflectionUtils.java:189)
	at org.apache.maven.surefire.booter.ProviderFactory$ProviderProxy.invoke(ProviderFactory.java:165)
	at org.apache.maven.surefire.booter.ProviderFactory.invokeProvider(ProviderFactory.java:85)
	at org.apache.maven.surefire.booter.ForkedBooter.runSuitesInProcess(ForkedBooter.java:115)
	at org.apache.maven.surefire.booter.ForkedBooter.main(ForkedBooter.java:75)
Caused by: java.lang.ClassCastException: com.tgac.functional.fibers.MFiber cannot be cast to com.tgac.functional.fibers.Fiber
	at com.tgac.logic.tabling.Tabling.lambda$unifyArguments$20(Tabling.java:225)
	at com.tgac.functional.fibers.Fiber$Done.flatMap(Fiber.java:116)
	at com.tgac.logic.tabling.Tabling.unifyArguments(Tabling.java:219)
	at com.tgac.logic.tabling.Tabling.consumeAnswers(Tabling.java:158)
	... 45 more

testLeftRecursion(com.tgac.logic.tabling.TablingTest)  Time elapsed: 5.005 sec  <<< ERROR!
org.junit.runners.model.TestTimedOutException: test timed out after 5000 milliseconds
	at com.tgac.functional.fibers.schedulers.BredthFirstScheduler.run(BredthFirstScheduler.java:49)
	at com.tgac.logic.goals.Goal$1.tryAdvance(Goal.java:354)
	at java.util.Spliterator.forEachRemaining(Spliterator.java:326)
	at java.util.stream.AbstractPipeline.copyInto(AbstractPipeline.java:482)
	at java.util.stream.AbstractPipeline.wrapAndCopyInto(AbstractPipeline.java:472)
	at java.util.stream.ReduceOps$ReduceOp.evaluateSequential(ReduceOps.java:708)
	at java.util.stream.AbstractPipeline.evaluate(AbstractPipeline.java:234)
	at java.util.stream.LongPipeline.reduce(LongPipeline.java:461)
	at java.util.stream.LongPipeline.sum(LongPipeline.java:419)
	at java.util.stream.ReferencePipeline.count(ReferencePipeline.java:593)
	at com.tgac.logic.tabling.TablingTest.testLeftRecursion(TablingTest.java:354)
	at sun.reflect.NativeMethodAccessorImpl.invoke0(Native Method)
	at sun.reflect.NativeMethodAccessorImpl.invoke(NativeMethodAccessorImpl.java:62)
	at sun.reflect.DelegatingMethodAccessorImpl.invoke(DelegatingMethodAccessorImpl.java:43)
	at java.lang.reflect.Method.invoke(Method.java:498)
	at org.junit.runners.model.FrameworkMethod$1.runReflectiveCall(FrameworkMethod.java:59)
	at org.junit.internal.runners.model.ReflectiveCallable.run(ReflectiveCallable.java:12)
	at org.junit.runners.model.FrameworkMethod.invokeExplosively(FrameworkMethod.java:56)
	at org.junit.internal.runners.statements.InvokeMethod.evaluate(InvokeMethod.java:17)
	at org.junit.internal.runners.statements.FailOnTimeout$CallableStatement.call(FailOnTimeout.java:299)
	at org.junit.internal.runners.statements.FailOnTimeout$CallableStatement.call(FailOnTimeout.java:293)
	at java.util.concurrent.FutureTask.run(FutureTask.java:266)
	at java.lang.Thread.run(Thread.java:750)

testMultipleConcurrentSlaves(com.tgac.logic.tabling.TablingTest)  Time elapsed: 0.002 sec  <<< ERROR!
java.lang.RuntimeException: Error getting answer from table
	at com.tgac.logic.tabling.Tabling.consumeAnswers(Tabling.java:173)
	at com.tgac.logic.tabling.Tabling.lambda$null$7(Tabling.java:117)
	at com.tgac.functional.fibers.Fiber$FlatMap.lambda$of$0(Fiber.java:170)
	at com.tgac.functional.fibers.schedulers.BredthFirstScheduler.step(BredthFirstScheduler.java:115)
	at com.tgac.functional.fibers.schedulers.BredthFirstScheduler.run(BredthFirstScheduler.java:49)
	at com.tgac.logic.goals.Goal$1.tryAdvance(Goal.java:354)
	at java.util.Spliterator.forEachRemaining(Spliterator.java:326)
	at java.util.stream.AbstractPipeline.copyInto(AbstractPipeline.java:482)
	at java.util.stream.AbstractPipeline.wrapAndCopyInto(AbstractPipeline.java:472)
	at java.util.stream.ReduceOps$ReduceOp.evaluateSequential(ReduceOps.java:708)
	at java.util.stream.AbstractPipeline.evaluate(AbstractPipeline.java:234)
	at java.util.stream.LongPipeline.reduce(LongPipeline.java:461)
	at java.util.stream.LongPipeline.sum(LongPipeline.java:419)
	at java.util.stream.ReferencePipeline.count(ReferencePipeline.java:593)
	at com.tgac.logic.tabling.TablingTest.testMultipleConcurrentSlaves(TablingTest.java:485)
	at sun.reflect.NativeMethodAccessorImpl.invoke0(Native Method)
	at sun.reflect.NativeMethodAccessorImpl.invoke(NativeMethodAccessorImpl.java:62)
	at sun.reflect.DelegatingMethodAccessorImpl.invoke(DelegatingMethodAccessorImpl.java:43)
	at java.lang.reflect.Method.invoke(Method.java:498)
	at org.junit.runners.model.FrameworkMethod$1.runReflectiveCall(FrameworkMethod.java:59)
	at org.junit.internal.runners.model.ReflectiveCallable.run(ReflectiveCallable.java:12)
	at org.junit.runners.model.FrameworkMethod.invokeExplosively(FrameworkMethod.java:56)
	at org.junit.internal.runners.statements.InvokeMethod.evaluate(InvokeMethod.java:17)
	at org.junit.internal.runners.statements.FailOnTimeout$CallableStatement.call(FailOnTimeout.java:299)
	at org.junit.internal.runners.statements.FailOnTimeout$CallableStatement.call(FailOnTimeout.java:293)
	at java.util.concurrent.FutureTask.run(FutureTask.java:266)
	at java.lang.Thread.run(Thread.java:750)
Caused by: java.lang.ClassCastException: com.tgac.functional.fibers.MFiber cannot be cast to com.tgac.functional.fibers.Fiber
	at com.tgac.logic.tabling.Tabling.lambda$unifyArguments$20(Tabling.java:225)
	at com.tgac.functional.fibers.Fiber$Done.flatMap(Fiber.java:116)
	at com.tgac.logic.tabling.Tabling.unifyArguments(Tabling.java:219)
	at com.tgac.logic.tabling.Tabling.consumeAnswers(Tabling.java:158)
	... 26 more

testTabledGoalWithSingleAnswer(com.tgac.logic.tabling.TablingTest)  Time elapsed: 0.001 sec  <<< ERROR!
java.lang.RuntimeException: Error getting answer from table
	at com.tgac.logic.tabling.Tabling.consumeAnswers(Tabling.java:173)
	at com.tgac.logic.tabling.Tabling.lambda$null$7(Tabling.java:117)
	at com.tgac.functional.fibers.Fiber$Done.flatMap(Fiber.java:116)
	at com.tgac.logic.tabling.Tabling.lambda$producerCont$8(Tabling.java:113)
	at com.tgac.logic.tabling.Tabling.lambda$null$0(Tabling.java:69)
	at com.tgac.functional.fibers.Fiber$Done.flatMap(Fiber.java:116)
	at com.tgac.logic.tabling.Tabling.lambda$null$1(Tabling.java:52)
	at com.tgac.functional.monad.Cont.lambda$null$2(Cont.java:22)
	at com.tgac.functional.fibers.schedulers.BredthFirstScheduler.step(BredthFirstScheduler.java:92)
	at com.tgac.functional.fibers.schedulers.BredthFirstScheduler.run(BredthFirstScheduler.java:49)
	at com.tgac.logic.goals.Goal$1.tryAdvance(Goal.java:354)
	at java.util.Spliterator.forEachRemaining(Spliterator.java:326)
	at java.util.stream.AbstractPipeline.copyInto(AbstractPipeline.java:482)
	at java.util.stream.AbstractPipeline.wrapAndCopyInto(AbstractPipeline.java:472)
	at java.util.stream.ReduceOps$ReduceOp.evaluateSequential(ReduceOps.java:708)
	at java.util.stream.AbstractPipeline.evaluate(AbstractPipeline.java:234)
	at java.util.stream.ReferencePipeline.collect(ReferencePipeline.java:566)
	at com.tgac.logic.tabling.TablingTest.testTabledGoalWithSingleAnswer(TablingTest.java:194)
	at sun.reflect.NativeMethodAccessorImpl.invoke0(Native Method)
	at sun.reflect.NativeMethodAccessorImpl.invoke(NativeMethodAccessorImpl.java:62)
	at sun.reflect.DelegatingMethodAccessorImpl.invoke(DelegatingMethodAccessorImpl.java:43)
	at java.lang.reflect.Method.invoke(Method.java:498)
	at org.junit.runners.model.FrameworkMethod$1.runReflectiveCall(FrameworkMethod.java:59)
	at org.junit.internal.runners.model.ReflectiveCallable.run(ReflectiveCallable.java:12)
	at org.junit.runners.model.FrameworkMethod.invokeExplosively(FrameworkMethod.java:56)
	at org.junit.internal.runners.statements.InvokeMethod.evaluate(InvokeMethod.java:17)
	at org.junit.internal.runners.statements.RunBefores.evaluate(RunBefores.java:26)
	at org.junit.runners.ParentRunner$3.evaluate(ParentRunner.java:306)
	at org.junit.runners.BlockJUnit4ClassRunner$1.evaluate(BlockJUnit4ClassRunner.java:100)
	at org.junit.runners.ParentRunner.runLeaf(ParentRunner.java:366)
	at org.junit.runners.BlockJUnit4ClassRunner.runChild(BlockJUnit4ClassRunner.java:103)
	at org.junit.runners.BlockJUnit4ClassRunner.runChild(BlockJUnit4ClassRunner.java:63)
	at org.junit.runners.ParentRunner$4.run(ParentRunner.java:331)
	at org.junit.runners.ParentRunner$1.schedule(ParentRunner.java:79)
	at org.junit.runners.ParentRunner.runChildren(ParentRunner.java:329)
	at org.junit.runners.ParentRunner.access$100(ParentRunner.java:66)
	at org.junit.runners.ParentRunner$2.evaluate(ParentRunner.java:293)
	at org.junit.runners.ParentRunner$3.evaluate(ParentRunner.java:306)
	at org.junit.runners.ParentRunner.run(ParentRunner.java:413)
	at org.apache.maven.surefire.junit4.JUnit4Provider.execute(JUnit4Provider.java:252)
	at org.apache.maven.surefire.junit4.JUnit4Provider.executeTestSet(JUnit4Provider.java:141)
	at org.apache.maven.surefire.junit4.JUnit4Provider.invoke(JUnit4Provider.java:112)
	at sun.reflect.NativeMethodAccessorImpl.invoke0(Native Method)
	at sun.reflect.NativeMethodAccessorImpl.invoke(NativeMethodAccessorImpl.java:62)
	at sun.reflect.DelegatingMethodAccessorImpl.invoke(DelegatingMethodAccessorImpl.java:43)
	at java.lang.reflect.Method.invoke(Method.java:498)
	at org.apache.maven.surefire.util.ReflectionUtils.invokeMethodWithArray(ReflectionUtils.java:189)
	at org.apache.maven.surefire.booter.ProviderFactory$ProviderProxy.invoke(ProviderFactory.java:165)
	at org.apache.maven.surefire.booter.ProviderFactory.invokeProvider(ProviderFactory.java:85)
	at org.apache.maven.surefire.booter.ForkedBooter.runSuitesInProcess(ForkedBooter.java:115)
	at org.apache.maven.surefire.booter.ForkedBooter.main(ForkedBooter.java:75)
Caused by: java.lang.ClassCastException: com.tgac.functional.fibers.MFiber cannot be cast to com.tgac.functional.fibers.Fiber
	at com.tgac.logic.tabling.Tabling.lambda$unifyArguments$20(Tabling.java:225)
	at com.tgac.functional.fibers.Fiber$Done.flatMap(Fiber.java:116)
	at com.tgac.logic.tabling.Tabling.unifyArguments(Tabling.java:219)
	at com.tgac.logic.tabling.Tabling.consumeAnswers(Tabling.java:158)
	... 50 more

testTabledAncestorFindDescendants(com.tgac.logic.tabling.TablingTest)  Time elapsed: 0.002 sec  <<< ERROR!
java.lang.RuntimeException: Error getting answer from table
	at com.tgac.logic.tabling.Tabling.consumeAnswers(Tabling.java:173)
	at com.tgac.logic.tabling.Tabling.lambda$null$7(Tabling.java:117)
	at com.tgac.functional.fibers.Fiber$FlatMap.lambda$of$0(Fiber.java:170)
	at com.tgac.functional.fibers.schedulers.BredthFirstScheduler.step(BredthFirstScheduler.java:115)
	at com.tgac.functional.fibers.schedulers.BredthFirstScheduler.run(BredthFirstScheduler.java:49)
	at com.tgac.logic.goals.Goal$1.tryAdvance(Goal.java:354)
	at java.util.Spliterator.forEachRemaining(Spliterator.java:326)
	at java.util.stream.AbstractPipeline.copyInto(AbstractPipeline.java:482)
	at java.util.stream.AbstractPipeline.wrapAndCopyInto(AbstractPipeline.java:472)
	at java.util.stream.ReduceOps$ReduceOp.evaluateSequential(ReduceOps.java:708)
	at java.util.stream.AbstractPipeline.evaluate(AbstractPipeline.java:234)
	at java.util.stream.ReferencePipeline.collect(ReferencePipeline.java:566)
	at com.tgac.logic.tabling.TablingTest.testTabledAncestorFindDescendants(TablingTest.java:106)
	at sun.reflect.NativeMethodAccessorImpl.invoke0(Native Method)
	at sun.reflect.NativeMethodAccessorImpl.invoke(NativeMethodAccessorImpl.java:62)
	at sun.reflect.DelegatingMethodAccessorImpl.invoke(DelegatingMethodAccessorImpl.java:43)
	at java.lang.reflect.Method.invoke(Method.java:498)
	at org.junit.runners.model.FrameworkMethod$1.runReflectiveCall(FrameworkMethod.java:59)
	at org.junit.internal.runners.model.ReflectiveCallable.run(ReflectiveCallable.java:12)
	at org.junit.runners.model.FrameworkMethod.invokeExplosively(FrameworkMethod.java:56)
	at org.junit.internal.runners.statements.InvokeMethod.evaluate(InvokeMethod.java:17)
	at org.junit.internal.runners.statements.RunBefores.evaluate(RunBefores.java:26)
	at org.junit.runners.ParentRunner$3.evaluate(ParentRunner.java:306)
	at org.junit.runners.BlockJUnit4ClassRunner$1.evaluate(BlockJUnit4ClassRunner.java:100)
	at org.junit.runners.ParentRunner.runLeaf(ParentRunner.java:366)
	at org.junit.runners.BlockJUnit4ClassRunner.runChild(BlockJUnit4ClassRunner.java:103)
	at org.junit.runners.BlockJUnit4ClassRunner.runChild(BlockJUnit4ClassRunner.java:63)
	at org.junit.runners.ParentRunner$4.run(ParentRunner.java:331)
	at org.junit.runners.ParentRunner$1.schedule(ParentRunner.java:79)
	at org.junit.runners.ParentRunner.runChildren(ParentRunner.java:329)
	at org.junit.runners.ParentRunner.access$100(ParentRunner.java:66)
	at org.junit.runners.ParentRunner$2.evaluate(ParentRunner.java:293)
	at org.junit.runners.ParentRunner$3.evaluate(ParentRunner.java:306)
	at org.junit.runners.ParentRunner.run(ParentRunner.java:413)
	at org.apache.maven.surefire.junit4.JUnit4Provider.execute(JUnit4Provider.java:252)
	at org.apache.maven.surefire.junit4.JUnit4Provider.executeTestSet(JUnit4Provider.java:141)
	at org.apache.maven.surefire.junit4.JUnit4Provider.invoke(JUnit4Provider.java:112)
	at sun.reflect.NativeMethodAccessorImpl.invoke0(Native Method)
	at sun.reflect.NativeMethodAccessorImpl.invoke(NativeMethodAccessorImpl.java:62)
	at sun.reflect.DelegatingMethodAccessorImpl.invoke(DelegatingMethodAccessorImpl.java:43)
	at java.lang.reflect.Method.invoke(Method.java:498)
	at org.apache.maven.surefire.util.ReflectionUtils.invokeMethodWithArray(ReflectionUtils.java:189)
	at org.apache.maven.surefire.booter.ProviderFactory$ProviderProxy.invoke(ProviderFactory.java:165)
	at org.apache.maven.surefire.booter.ProviderFactory.invokeProvider(ProviderFactory.java:85)
	at org.apache.maven.surefire.booter.ForkedBooter.runSuitesInProcess(ForkedBooter.java:115)
	at org.apache.maven.surefire.booter.ForkedBooter.main(ForkedBooter.java:75)
Caused by: java.lang.ClassCastException: com.tgac.functional.fibers.MFiber cannot be cast to com.tgac.functional.fibers.Fiber
	at com.tgac.logic.tabling.Tabling.lambda$unifyArguments$20(Tabling.java:225)
	at com.tgac.functional.fibers.Fiber$Done.flatMap(Fiber.java:116)
	at com.tgac.logic.tabling.Tabling.unifyArguments(Tabling.java:219)
	at com.tgac.logic.tabling.Tabling.consumeAnswers(Tabling.java:158)
	... 45 more

testMutuallyRecursiveEvenOdd(com.tgac.logic.tabling.TablingTest)  Time elapsed: 0.002 sec  <<< ERROR!
java.lang.RuntimeException: Error getting answer from table
	at com.tgac.logic.tabling.Tabling.consumeAnswers(Tabling.java:173)
	at com.tgac.logic.tabling.Tabling.lambda$null$7(Tabling.java:117)
	at com.tgac.functional.fibers.Fiber$FlatMap.lambda$of$0(Fiber.java:170)
	at com.tgac.functional.fibers.schedulers.BredthFirstScheduler.step(BredthFirstScheduler.java:115)
	at com.tgac.functional.fibers.schedulers.BredthFirstScheduler.run(BredthFirstScheduler.java:49)
	at com.tgac.logic.goals.Goal$1.tryAdvance(Goal.java:354)
	at java.util.Spliterator.forEachRemaining(Spliterator.java:326)
	at java.util.stream.AbstractPipeline.copyInto(AbstractPipeline.java:482)
	at java.util.stream.AbstractPipeline.wrapAndCopyInto(AbstractPipeline.java:472)
	at java.util.stream.ReduceOps$ReduceOp.evaluateSequential(ReduceOps.java:708)
	at java.util.stream.AbstractPipeline.evaluate(AbstractPipeline.java:234)
	at java.util.stream.LongPipeline.reduce(LongPipeline.java:461)
	at java.util.stream.LongPipeline.sum(LongPipeline.java:419)
	at java.util.stream.ReferencePipeline.count(ReferencePipeline.java:593)
	at com.tgac.logic.tabling.TablingTest.testMutuallyRecursiveEvenOdd(TablingTest.java:291)
	at sun.reflect.NativeMethodAccessorImpl.invoke0(Native Method)
	at sun.reflect.NativeMethodAccessorImpl.invoke(NativeMethodAccessorImpl.java:62)
	at sun.reflect.DelegatingMethodAccessorImpl.invoke(DelegatingMethodAccessorImpl.java:43)
	at java.lang.reflect.Method.invoke(Method.java:498)
	at org.junit.runners.model.FrameworkMethod$1.runReflectiveCall(FrameworkMethod.java:59)
	at org.junit.internal.runners.model.ReflectiveCallable.run(ReflectiveCallable.java:12)
	at org.junit.runners.model.FrameworkMethod.invokeExplosively(FrameworkMethod.java:56)
	at org.junit.internal.runners.statements.InvokeMethod.evaluate(InvokeMethod.java:17)
	at org.junit.internal.runners.statements.RunBefores.evaluate(RunBefores.java:26)
	at org.junit.runners.ParentRunner$3.evaluate(ParentRunner.java:306)
	at org.junit.runners.BlockJUnit4ClassRunner$1.evaluate(BlockJUnit4ClassRunner.java:100)
	at org.junit.runners.ParentRunner.runLeaf(ParentRunner.java:366)
	at org.junit.runners.BlockJUnit4ClassRunner.runChild(BlockJUnit4ClassRunner.java:103)
	at org.junit.runners.BlockJUnit4ClassRunner.runChild(BlockJUnit4ClassRunner.java:63)
	at org.junit.runners.ParentRunner$4.run(ParentRunner.java:331)
	at org.junit.runners.ParentRunner$1.schedule(ParentRunner.java:79)
	at org.junit.runners.ParentRunner.runChildren(ParentRunner.java:329)
	at org.junit.runners.ParentRunner.access$100(ParentRunner.java:66)
	at org.junit.runners.ParentRunner$2.evaluate(ParentRunner.java:293)
	at org.junit.runners.ParentRunner$3.evaluate(ParentRunner.java:306)
	at org.junit.runners.ParentRunner.run(ParentRunner.java:413)
	at org.apache.maven.surefire.junit4.JUnit4Provider.execute(JUnit4Provider.java:252)
	at org.apache.maven.surefire.junit4.JUnit4Provider.executeTestSet(JUnit4Provider.java:141)
	at org.apache.maven.surefire.junit4.JUnit4Provider.invoke(JUnit4Provider.java:112)
	at sun.reflect.NativeMethodAccessorImpl.invoke0(Native Method)
	at sun.reflect.NativeMethodAccessorImpl.invoke(NativeMethodAccessorImpl.java:62)
	at sun.reflect.DelegatingMethodAccessorImpl.invoke(DelegatingMethodAccessorImpl.java:43)
	at java.lang.reflect.Method.invoke(Method.java:498)
	at org.apache.maven.surefire.util.ReflectionUtils.invokeMethodWithArray(ReflectionUtils.java:189)
	at org.apache.maven.surefire.booter.ProviderFactory$ProviderProxy.invoke(ProviderFactory.java:165)
	at org.apache.maven.surefire.booter.ProviderFactory.invokeProvider(ProviderFactory.java:85)
	at org.apache.maven.surefire.booter.ForkedBooter.runSuitesInProcess(ForkedBooter.java:115)
	at org.apache.maven.surefire.booter.ForkedBooter.main(ForkedBooter.java:75)
Caused by: java.lang.ClassCastException: com.tgac.functional.fibers.MFiber cannot be cast to com.tgac.functional.fibers.Fiber
	at com.tgac.logic.tabling.Tabling.lambda$unifyArguments$20(Tabling.java:225)
	at com.tgac.functional.fibers.Fiber$Done.flatMap(Fiber.java:116)
	at com.tgac.logic.tabling.Tabling.unifyArguments(Tabling.java:219)
	at com.tgac.logic.tabling.Tabling.consumeAnswers(Tabling.java:158)
	... 47 more

testTablingWithNestedStructures(com.tgac.logic.tabling.TablingTest)  Time elapsed: 0.002 sec  <<< ERROR!
java.lang.RuntimeException: Error getting answer from table
	at com.tgac.logic.tabling.Tabling.consumeAnswers(Tabling.java:173)
	at com.tgac.logic.tabling.Tabling.lambda$null$7(Tabling.java:117)
	at com.tgac.functional.fibers.Fiber$FlatMap.lambda$of$0(Fiber.java:170)
	at com.tgac.functional.fibers.schedulers.BredthFirstScheduler.step(BredthFirstScheduler.java:115)
	at com.tgac.functional.fibers.schedulers.BredthFirstScheduler.run(BredthFirstScheduler.java:49)
	at com.tgac.logic.goals.Goal$1.tryAdvance(Goal.java:354)
	at java.util.Spliterator.forEachRemaining(Spliterator.java:326)
	at java.util.stream.AbstractPipeline.copyInto(AbstractPipeline.java:482)
	at java.util.stream.AbstractPipeline.wrapAndCopyInto(AbstractPipeline.java:472)
	at java.util.stream.ReduceOps$ReduceOp.evaluateSequential(ReduceOps.java:708)
	at java.util.stream.AbstractPipeline.evaluate(AbstractPipeline.java:234)
	at java.util.stream.ReferencePipeline.collect(ReferencePipeline.java:566)
	at com.tgac.logic.tabling.TablingTest.testTablingWithNestedStructures(TablingTest.java:515)
	at sun.reflect.NativeMethodAccessorImpl.invoke0(Native Method)
	at sun.reflect.NativeMethodAccessorImpl.invoke(NativeMethodAccessorImpl.java:62)
	at sun.reflect.DelegatingMethodAccessorImpl.invoke(DelegatingMethodAccessorImpl.java:43)
	at java.lang.reflect.Method.invoke(Method.java:498)
	at org.junit.runners.model.FrameworkMethod$1.runReflectiveCall(FrameworkMethod.java:59)
	at org.junit.internal.runners.model.ReflectiveCallable.run(ReflectiveCallable.java:12)
	at org.junit.runners.model.FrameworkMethod.invokeExplosively(FrameworkMethod.java:56)
	at org.junit.internal.runners.statements.InvokeMethod.evaluate(InvokeMethod.java:17)
	at org.junit.internal.runners.statements.RunBefores.evaluate(RunBefores.java:26)
	at org.junit.runners.ParentRunner$3.evaluate(ParentRunner.java:306)
	at org.junit.runners.BlockJUnit4ClassRunner$1.evaluate(BlockJUnit4ClassRunner.java:100)
	at org.junit.runners.ParentRunner.runLeaf(ParentRunner.java:366)
	at org.junit.runners.BlockJUnit4ClassRunner.runChild(BlockJUnit4ClassRunner.java:103)
	at org.junit.runners.BlockJUnit4ClassRunner.runChild(BlockJUnit4ClassRunner.java:63)
	at org.junit.runners.ParentRunner$4.run(ParentRunner.java:331)
	at org.junit.runners.ParentRunner$1.schedule(ParentRunner.java:79)
	at org.junit.runners.ParentRunner.runChildren(ParentRunner.java:329)
	at org.junit.runners.ParentRunner.access$100(ParentRunner.java:66)
	at org.junit.runners.ParentRunner$2.evaluate(ParentRunner.java:293)
	at org.junit.runners.ParentRunner$3.evaluate(ParentRunner.java:306)
	at org.junit.runners.ParentRunner.run(ParentRunner.java:413)
	at org.apache.maven.surefire.junit4.JUnit4Provider.execute(JUnit4Provider.java:252)
	at org.apache.maven.surefire.junit4.JUnit4Provider.executeTestSet(JUnit4Provider.java:141)
	at org.apache.maven.surefire.junit4.JUnit4Provider.invoke(JUnit4Provider.java:112)
	at sun.reflect.NativeMethodAccessorImpl.invoke0(Native Method)
	at sun.reflect.NativeMethodAccessorImpl.invoke(NativeMethodAccessorImpl.java:62)
	at sun.reflect.DelegatingMethodAccessorImpl.invoke(DelegatingMethodAccessorImpl.java:43)
	at java.lang.reflect.Method.invoke(Method.java:498)
	at org.apache.maven.surefire.util.ReflectionUtils.invokeMethodWithArray(ReflectionUtils.java:189)
	at org.apache.maven.surefire.booter.ProviderFactory$ProviderProxy.invoke(ProviderFactory.java:165)
	at org.apache.maven.surefire.booter.ProviderFactory.invokeProvider(ProviderFactory.java:85)
	at org.apache.maven.surefire.booter.ForkedBooter.runSuitesInProcess(ForkedBooter.java:115)
	at org.apache.maven.surefire.booter.ForkedBooter.main(ForkedBooter.java:75)
Caused by: java.lang.ClassCastException: com.tgac.functional.fibers.MFiber cannot be cast to com.tgac.functional.fibers.Fiber
	at com.tgac.logic.tabling.Tabling.lambda$unifyArguments$20(Tabling.java:225)
	at com.tgac.functional.fibers.Fiber$Done.flatMap(Fiber.java:116)
	at com.tgac.logic.tabling.Tabling.unifyArguments(Tabling.java:219)
	at com.tgac.logic.tabling.Tabling.consumeAnswers(Tabling.java:158)
	... 45 more

Running com.tgac.logic.tabling.TableTest
Tests run: 5, Failures: 0, Errors: 0, Skipped: 0, Time elapsed: 0 sec
Running com.tgac.logic.tabling.CallTest
Tests run: 5, Failures: 0, Errors: 0, Skipped: 0, Time elapsed: 0 sec
Running com.tgac.logic.LogicTest
[<_.191>] ++ [<_.190>] ≣ [<_.192>]
({()}, <_.1>, <_.1>)
({(<_.2>)}, <_.3>, {(<_.2> . <_.3>)})
({(<_.3>, <_.4>)}, <_.5>, {(<_.3>, <_.4> . <_.5>)})
[[false, false, false]]
[1, 2, 3, 4, 5, 6, 7, 8, 9, 10, 11, 12]
(len([<_.344>]) = len([<_.345>]) && ((<_.345> ≣ {()} && <_.344> ≣ {()}) || (<_.345> ≣ {(<_.351> . <_.352>)} && [<_.353>] ++ (<_.351>) ≣ [<_.344>] && recursive call)))
{({()}, {()})}
{({(<_.1>)}, {(<_.1>)})}
{({(<_.3>, <_.2>)}, {(<_.2>, <_.3>)})}
{({(<_.5>, <_.4>, <_.3>)}, {(<_.3>, <_.4>, <_.5>)})}
{({(<_.7>, <_.6>, <_.5>, <_.4>)}, {(<_.4>, <_.5>, <_.6>, <_.7>)})}
[{({4}, {5}, {6})}]
[{({1}, {2}, {3})}]
[{({1}, {2}, {3}, {4}, {5}, {6})}]
[<_.99>, <_.98>, <_.97>, <_.96>, <_.95>, <_.94>, <_.93>, <_.92>, <_.91>, <_.90>, <_.89>, <_.88>, <_.87>, <_.86>, <_.85>, <_.84>, <_.83>, <_.82>, <_.81>, <_.80>, <_.79>, <_.78>, <_.77>, <_.76>, <_.75>, <_.74>, <_.73>, <_.72>, <_.71>, <_.70>, <_.69>, <_.68>, <_.67>, <_.66>, <_.65>, <_.64>, <_.63>, <_.62>, <_.61>, <_.60>, <_.59>, <_.58>, <_.57>, <_.56>, <_.55>, <_.54>, <_.53>, <_.52>, <_.51>, <_.50>, <_.50>, <_.51>, <_.52>, <_.53>, <_.54>, <_.55>, <_.56>, <_.57>, <_.58>, <_.59>, <_.60>, <_.61>, <_.62>, <_.63>, <_.64>, <_.65>, <_.66>, <_.67>, <_.68>, <_.69>, <_.70>, <_.71>, <_.72>, <_.73>, <_.74>, <_.75>, <_.76>, <_.77>, <_.78>, <_.79>, <_.80>, <_.81>, <_.82>, <_.83>, <_.84>, <_.85>, <_.86>, <_.87>, <_.88>, <_.89>, <_.90>, <_.91>, <_.92>, <_.93>, <_.94>, <_.95>, <_.96>, <_.97>, <_.98>, <_.99>]
[{1}, {2}, {3}]
[[false, false, true], [false, true, true], [true, false, false], [true, true, false], [true, true, true], [false, true, false], [true, false, true]]
(len([<_.45068>]) = len(({0}, {1}, {2}, {3}, {4})) && (({({0}, {1}, {2}, {3}, {4})} ≣ {()} && <_.45068> ≣ {()}) || ({({0}, {1}, {2}, {3}, {4})} ≣ {(<_.45074> . <_.45075>)} && [<_.45076>] ++ (<_.45074>) ≣ [<_.45068>] && recursive call)))
[{({4}, {3}, {2}, {1}, {0})}]
[[false, false, false], [false, false, true], [false, true, true], [true, false, true], [true, true, false], [false, true, false], [true, false, false]]
[{()}, {(<_.0>)}, {(<_.0>, <_.1>)}, {(<_.0>, <_.1>, <_.2>)}]
[[true, true, true]]
[{({()}, {()})}, {({(<_.0>)}, {(<_.1>)})}, {({(<_.0>, <_.1>)}, {(<_.2>, <_.3>)})}, {({(<_.0>, <_.1>, <_.2>)}, {(<_.3>, <_.4>, <_.5>)})}, {({(<_.0>, <_.1>, <_.2>, <_.3>)}, {(<_.4>, <_.5>, <_.6>, <_.7>)})}, {({(<_.0>, <_.1>, <_.2>, <_.3>, <_.4>)}, {(<_.5>, <_.6>, <_.7>, <_.8>, <_.9>)})}, {({(<_.0>, <_.1>, <_.2>, <_.3>, <_.4>, <_.5>)}, {(<_.6>, <_.7>, <_.8>, <_.9>, <_.10>, <_.11>)})}, {({(<_.0>, <_.1>, <_.2>, <_.3>, <_.4>, <_.5>, <_.6>)}, {(<_.7>, <_.8>, <_.9>, <_.10>, <_.11>, <_.12>, <_.13>)})}, {({(<_.0>, <_.1>, <_.2>, <_.3>, <_.4>, <_.5>, <_.6>, <_.7>)}, {(<_.8>, <_.9>, <_.10>, <_.11>, <_.12>, <_.13>, <_.14>, <_.15>)})}, {({(<_.0>, <_.1>, <_.2>, <_.3>, <_.4>, <_.5>, <_.6>, <_.7>, <_.8>)}, {(<_.9>, <_.10>, <_.11>, <_.12>, <_.13>, <_.14>, <_.15>, <_.16>, <_.17>)})}]
Tests run: 23, Failures: 0, Errors: 0, Skipped: 0, Time elapsed: 0.265 sec
Running com.tgac.logic.SortingTest
[([1, 2, 3], [4, 5])]
[[2, 3, 4]]
[(1, 5)]
[([], [3, 2, 1, 4])]
[([2, 1, 2], [3, 5])]
[[]]
[[1, 2, 3, 4, 5]]
[[1, 1, 1, 1]]
[]
[([1], [3, 2, 4])]
[(1, 1)]
[(1, 5)]
[[]]
[([1, 2], [3, 4])]
[([1], [])]
[[1, 2, 2, 3, 5]]
[[1, 2, 1, 3, 1, 4]]
[([], [])]
[([2, 1], [3, 5, 4])]
Tests run: 22, Failures: 0, Errors: 0, Skipped: 0, Time elapsed: 0.031 sec
Running com.tgac.logic.finitedomain.domains.EnumeratedDomainTest
Tests run: 16, Failures: 0, Errors: 0, Skipped: 0, Time elapsed: 0.01 sec
Running com.tgac.logic.finitedomain.domains.IntervalTest
Tests run: 35, Failures: 0, Errors: 0, Skipped: 0, Time elapsed: 0.009 sec
Running com.tgac.logic.finitedomain.domains.UnionTest
Tests run: 14, Failures: 0, Errors: 0, Skipped: 0, Time elapsed: 0.001 sec
Running com.tgac.logic.finitedomain.FiniteDomainTest
[5, 6, 7, 8, 9]
(<_.47733> ⊂ [0 → 10] && <_.47733> ≠_fd {5})
[5, 6, 7, 8, 9]
[0, 1, 2, 3, 4, 5, 6, 7, 8, 9]
[0, 1, 2, 3, 4, 5, 6, 7, 8, 9]
[[0, 4, 3, 2, 1], [0, 4, 3, 2, 5], [0, 4, 3, 5, 1], [0, 4, 3, 5, 2], [0, 4, 3, 1, 2], [0, 4, 3, 1, 5], [0, 4, 2, 5, 3], [0, 4, 2, 5, 1], [0, 4, 2, 1, 5], [0, 4, 2, 1, 3], [1, 4, 2, 5, 3], [1, 4, 2, 5, 0], [1, 4, 2, 0, 5], [1, 4, 2, 0, 3], [0, 4, 1, 5, 3], [0, 4, 1, 5, 2], [0, 4, 1, 2, 5], [0, 4, 1, 2, 3], [2, 0, 4, 5, 3], [2, 0, 4, 5, 1], [2, 0, 4, 1, 5], [2, 0, 4, 1, 3], [1, 4, 0, 5, 3], [1, 4, 0, 5, 2], [1, 4, 0, 2, 5], [1, 4, 0, 2, 3], [3, 0, 5, 4, 2], [3, 0, 5, 4, 1], [3, 0, 5, 1, 4], [3, 0, 5, 1, 2], [0, 1, 3, 5, 4], [0, 1, 3, 5, 2], [0, 1, 3, 2, 5], [0, 1, 3, 2, 4], [0, 1, 2, 5, 4], [0, 1, 2, 5, 3], [0, 1, 2, 3, 5], [0, 1, 2, 3, 4], [2, 0, 3, 5, 4], [2, 0, 3, 5, 1], [2, 0, 3, 1, 5], [2, 0, 3, 1, 4], [1, 3, 4, 5, 2], [1, 3, 4, 5, 0], [1, 3, 4, 0, 5], [1, 3, 4, 0, 2], [1, 3, 2, 5, 4], [1, 3, 2, 5, 0], [1, 3, 2, 0, 5], [1, 3, 2, 0, 4], [2, 0, 1, 5, 4], [2, 0, 1, 5, 3], [2, 0, 1, 3, 5], [2, 0, 1, 3, 4], [1, 0, 5, 4, 3], [1, 0, 5, 4, 2], [1, 0, 5, 2, 4], [1, 0, 5, 2, 3], [1, 3, 0, 5, 4], [1, 3, 0, 5, 2], [1, 3, 0, 2, 5], [1, 3, 0, 2, 4], [1, 2, 4, 5, 3], [1, 2, 4, 5, 0], [1, 2, 4, 0, 5], [1, 2, 4, 0, 3], [0, 5, 3, 4, 2], [0, 5, 3, 4, 1], [0, 5, 3, 1, 4], [0, 5, 3, 1, 2], [1, 2, 3, 5, 4], [1, 2, 3, 5, 0], [1, 2, 3, 0, 5], [1, 2, 3, 0, 4], [1, 2, 0, 5, 4], [1, 2, 0, 5, 3], [1, 2, 0, 3, 5], [1, 2, 0, 3, 4], [0, 5, 2, 4, 3], [0, 5, 2, 4, 1], [0, 5, 2, 1, 4], [0, 5, 2, 1, 3], [5, 4, 3, 2, 1], [5, 4, 3, 2, 0], [5, 4, 3, 0, 2], [5, 4, 3, 0, 1], [4, 1, 5, 3, 2], [4, 1, 5, 3, 0], [4, 1, 5, 0, 3], [4, 1, 5, 0, 2], [1, 2, 5, 4, 3], [1, 2, 5, 4, 0], [1, 2, 5, 0, 4], [1, 2, 5, 0, 3], [3, 0, 4, 5, 2], [3, 0, 4, 5, 1], [3, 0, 4, 1, 5], [3, 0, 4, 1, 2], [3, 0, 2, 5, 4], [3, 0, 2, 5, 1], [3, 0, 2, 1, 5], [3, 0, 2, 1, 4], [0, 5, 1, 4, 3], [0, 5, 1, 4, 2], [0, 5, 1, 2, 4], [0, 5, 1, 2, 3], [3, 0, 1, 5, 4], [3, 0, 1, 5, 2], [3, 0, 1, 2, 5], [3, 0, 1, 2, 4], [4, 1, 3, 5, 2], [4, 1, 3, 5, 0], [4, 1, 3, 0, 5], [4, 1, 3, 0, 2], [4, 3, 2, 5, 1], [4, 3, 2, 5, 0], [4, 3, 2, 0, 5], [4, 3, 2, 0, 1], [5, 1, 4, 3, 2], [5, 1, 4, 3, 0], [5, 1, 4, 0, 3], [5, 1, 4, 0, 2], [4, 1, 2, 5, 3], [4, 1, 2, 5, 0], [4, 1, 2, 0, 5], [4, 1, 2, 0, 3], [4, 1, 0, 5, 3], [4, 1, 0, 5, 2], [4, 1, 0, 2, 5], [4, 1, 0, 2, 3], [4, 3, 1, 5, 2], [4, 3, 1, 5, 0], [4, 3, 1, 0, 5], [4, 3, 1, 0, 2], [1, 0, 4, 5, 3], [1, 0, 4, 5, 2], [1, 0, 4, 2, 5], [1, 0, 4, 2, 3], [1, 0, 3, 5, 4], [1, 0, 3, 5, 2], [1, 0, 3, 2, 5], [1, 0, 3, 2, 4], [4, 3, 0, 5, 2], [4, 3, 0, 5, 1], [4, 3, 0, 1, 5], [4, 3, 0, 1, 2], [3, 4, 5, 2, 1], [3, 4, 5, 2, 0], [3, 4, 5, 0, 2], [3, 4, 5, 0, 1], [5, 2, 4, 3, 1], [5, 2, 4, 3, 0], [5, 2, 4, 0, 3], [5, 2, 4, 0, 1], [1, 0, 2, 5, 4], [1, 0, 2, 5, 3], [1, 0, 2, 3, 5], [1, 0, 2, 3, 4], [5, 4, 2, 3, 1], [5, 4, 2, 3, 0], [5, 4, 2, 0, 3], [5, 4, 2, 0, 1], [0, 3, 4, 5, 2], [0, 3, 4, 5, 1], [0, 3, 4, 1, 5], [0, 3, 4, 1, 2], [5, 4, 1, 3, 2], [5, 4, 1, 3, 0], [5, 4, 1, 0, 3], [5, 4, 1, 0, 2], [5, 4, 0, 3, 2], [5, 4, 0, 3, 1], [5, 4, 0, 1, 3], [5, 4, 0, 1, 2], [0, 3, 2, 5, 4], [0, 3, 2, 5, 1], [0, 3, 2, 1, 5], [0, 3, 2, 1, 4], [5, 3, 4, 2, 1], [5, 3, 4, 2, 0], [5, 3, 4, 0, 2], [5, 3, 4, 0, 1], [3, 2, 4, 5, 1], [3, 2, 4, 5, 0], [3, 2, 4, 0, 5], [3, 2, 4, 0, 1], [3, 2, 1, 5, 4], [3, 2, 1, 5, 0], [3, 2, 1, 0, 5], [3, 2, 1, 0, 4], [0, 3, 1, 5, 4], [0, 3, 1, 5, 2], [0, 3, 1, 2, 5], [0, 3, 1, 2, 4], [3, 2, 0, 5, 4], [3, 2, 0, 5, 1], [3, 2, 0, 1, 5], [3, 2, 0, 1, 4], [5, 2, 3, 4, 1], [5, 2, 3, 4, 0], [5, 2, 3, 0, 4], [5, 2, 3, 0, 1], [0, 2, 4, 5, 3], [0, 2, 4, 5, 1], [0, 2, 4, 1, 5], [0, 2, 4, 1, 3], [5, 0, 4, 3, 2], [5, 0, 4, 3, 1], [5, 0, 4, 1, 3], [5, 0, 4, 1, 2], [4, 0, 5, 3, 2], [4, 0, 5, 3, 1], [4, 0, 5, 1, 3], [4, 0, 5, 1, 2], [3, 2, 5, 4, 1], [3, 2, 5, 4, 0], [3, 2, 5, 0, 4], [3, 2, 5, 0, 1], [1, 3, 5, 4, 2], [1, 3, 5, 4, 0], [1, 3, 5, 0, 4], [1, 3, 5, 0, 2], [5, 2, 1, 4, 3], [5, 2, 1, 4, 0], [5, 2, 1, 0, 4], [5, 2, 1, 0, 3], [5, 2, 0, 4, 3], [5, 2, 0, 4, 1], [5, 2, 0, 1, 4], [5, 2, 0, 1, 3], [0, 2, 3, 5, 4], [0, 2, 3, 5, 1], [0, 2, 3, 1, 5], [0, 2, 3, 1, 4], [5, 1, 3, 4, 2], [5, 1, 3, 4, 0], [5, 1, 3, 0, 4], [5, 1, 3, 0, 2], [5, 1, 2, 4, 3], [5, 1, 2, 4, 0], [5, 1, 2, 0, 4], [5, 1, 2, 0, 3], [0, 2, 1, 5, 4], [0, 2, 1, 5, 3], [0, 2, 1, 3, 5], [0, 2, 1, 3, 4], [2, 1, 5, 4, 3], [2, 1, 5, 4, 0], [2, 1, 5, 0, 4], [2, 1, 5, 0, 3], [5, 1, 0, 4, 3], [5, 1, 0, 4, 2], [5, 1, 0, 2, 4], [5, 1, 0, 2, 3], [3, 4, 2, 5, 1], [3, 4, 2, 5, 0], [3, 4, 2, 0, 5], [3, 4, 2, 0, 1], [4, 2, 3, 5, 1], [4, 2, 3, 5, 0], [4, 2, 3, 0, 5], [4, 2, 3, 0, 1], [3, 4, 1, 5, 2], [3, 4, 1, 5, 0], [3, 4, 1, 0, 5], [3, 4, 1, 0, 2], [3, 4, 0, 5, 2], [3, 4, 0, 5, 1], [3, 4, 0, 1, 5], [3, 4, 0, 1, 2], [4, 2, 1, 5, 3], [4, 2, 1, 5, 0], [4, 2, 1, 0, 5], [4, 2, 1, 0, 3], [4, 5, 3, 2, 1], [4, 5, 3, 2, 0], [4, 5, 3, 0, 2], [4, 5, 3, 0, 1], [2, 3, 5, 4, 1], [2, 3, 5, 4, 0], [2, 3, 5, 0, 4], [2, 3, 5, 0, 1], [4, 0, 3, 5, 2], [4, 0, 3, 5, 1], [4, 0, 3, 1, 5], [4, 0, 3, 1, 2], [4, 0, 2, 5, 3], [4, 0, 2, 5, 1], [4, 0, 2, 1, 5], [4, 0, 2, 1, 3], [4, 2, 0, 5, 3], [4, 2, 0, 5, 1], [4, 2, 0, 1, 5], [4, 2, 0, 1, 3], [4, 0, 1, 5, 3], [4, 0, 1, 5, 2], [4, 0, 1, 2, 5], [4, 0, 1, 2, 3], [5, 3, 2, 4, 1], [5, 3, 2, 4, 0], [5, 3, 2, 0, 4], [5, 3, 2, 0, 1], [3, 1, 4, 5, 2], [3, 1, 4, 5, 0], [3, 1, 4, 0, 5], [3, 1, 4, 0, 2], [2, 0, 5, 4, 3], [2, 0, 5, 4, 1], [2, 0, 5, 1, 4], [2, 0, 5, 1, 3], [5, 3, 1, 4, 2], [5, 3, 1, 4, 0], [5, 3, 1, 0, 4], [5, 3, 1, 0, 2], [5, 3, 0, 4, 2], [5, 3, 0, 4, 1], [5, 3, 0, 1, 4], [5, 3, 0, 1, 2], [3, 1, 2, 5, 4], [3, 1, 2, 5, 0], [3, 1, 2, 0, 5], [3, 1, 2, 0, 4], [5, 0, 3, 4, 2], [5, 0, 3, 4, 1], [5, 0, 3, 1, 4], [5, 0, 3, 1, 2], [5, 0, 2, 4, 3], [5, 0, 2, 4, 1], [5, 0, 2, 1, 4], [5, 0, 2, 1, 3], [3, 1, 0, 5, 4], [3, 1, 0, 5, 2], [3, 1, 0, 2, 5], [3, 1, 0, 2, 4], [0, 5, 4, 3, 2], [0, 5, 4, 3, 1], [0, 5, 4, 1, 3], [0, 5, 4, 1, 2], [0, 4, 5, 3, 2], [0, 4, 5, 3, 1], [0, 4, 5, 1, 3], [0, 4, 5, 1, 2], [3, 5, 4, 2, 1], [3, 5, 4, 2, 0], [3, 5, 4, 0, 2], [3, 5, 4, 0, 1], [5, 0, 1, 4, 3], [5, 0, 1, 4, 2], [5, 0, 1, 2, 4], [5, 0, 1, 2, 3], [2, 5, 3, 4, 1], [2, 5, 3, 4, 0], [2, 5, 3, 0, 4], [2, 5, 3, 0, 1], [2, 4, 3, 5, 1], [2, 4, 3, 5, 0], [2, 4, 3, 0, 5], [2, 4, 3, 0, 1], [2, 5, 1, 4, 3], [2, 5, 1, 4, 0], [2, 5, 1, 0, 4], [2, 5, 1, 0, 3], [2, 5, 0, 4, 3], [2, 5, 0, 4, 1], [2, 5, 0, 1, 4], [2, 5, 0, 1, 3], [2, 4, 1, 5, 3], [2, 4, 1, 5, 0], [2, 4, 1, 0, 5], [2, 4, 1, 0, 3], [0, 2, 5, 4, 3], [0, 2, 5, 4, 1], [0, 2, 5, 1, 4], [0, 2, 5, 1, 3], [3, 5, 2, 4, 1], [3, 5, 2, 4, 0], [3, 5, 2, 0, 4], [3, 5, 2, 0, 1], [3, 5, 1, 4, 2], [3, 5, 1, 4, 0], [3, 5, 1, 0, 4], [3, 5, 1, 0, 2], [2, 4, 0, 5, 3], [2, 4, 0, 5, 1], [2, 4, 0, 1, 5], [2, 4, 0, 1, 3], [3, 5, 0, 4, 2], [3, 5, 0, 4, 1], [3, 5, 0, 1, 4], [3, 5, 0, 1, 2], [2, 3, 4, 5, 1], [2, 3, 4, 5, 0], [2, 3, 4, 0, 5], [2, 3, 4, 0, 1], [1, 5, 2, 4, 3], [1, 5, 2, 4, 0], [1, 5, 2, 0, 4], [1, 5, 2, 0, 3], [4, 2, 5, 3, 1], [4, 2, 5, 3, 0], [4, 2, 5, 0, 3], [4, 2, 5, 0, 1], [0, 3, 5, 4, 2], [0, 3, 5, 4, 1], [0, 3, 5, 1, 4], [0, 3, 5, 1, 2], [2, 3, 1, 5, 4], [2, 3, 1, 5, 0], [2, 3, 1, 0, 5], [2, 3, 1, 0, 4], [2, 3, 0, 5, 4], [2, 3, 0, 5, 1], [2, 3, 0, 1, 5], [2, 3, 0, 1, 4], [1, 5, 3, 4, 2], [1, 5, 3, 4, 0], [1, 5, 3, 0, 4], [1, 5, 3, 0, 2], [2, 1, 4, 5, 3], [2, 1, 4, 5, 0], [2, 1, 4, 0, 5], [2, 1, 4, 0, 3], [2, 1, 3, 5, 4], [2, 1, 3, 5, 0], [2, 1, 3, 0, 5], [2, 1, 3, 0, 4], [1, 5, 4, 3, 2], [1, 5, 4, 3, 0], [1, 5, 4, 0, 3], [1, 5, 4, 0, 2], [2, 4, 5, 3, 1], [2, 4, 5, 3, 0], [2, 4, 5, 0, 3], [2, 4, 5, 0, 1], [2, 1, 0, 5, 4], [2, 1, 0, 5, 3], [2, 1, 0, 3, 5], [2, 1, 0, 3, 4], [4, 5, 2, 3, 1], [4, 5, 2, 3, 0], [4, 5, 2, 0, 3], [4, 5, 2, 0, 1], [1, 4, 5, 3, 2], [1, 4, 5, 3, 0], [1, 4, 5, 0, 3], [1, 4, 5, 0, 2], [4, 5, 1, 3, 2], [4, 5, 1, 3, 0], [4, 5, 1, 0, 3], [4, 5, 1, 0, 2], [4, 5, 0, 3, 2], [4, 5, 0, 3, 1], [4, 5, 0, 1, 3], [4, 5, 0, 1, 2], [1, 4, 3, 5, 2], [1, 4, 3, 5, 0], [1, 4, 3, 0, 5], [1, 4, 3, 0, 2], [1, 5, 0, 4, 3], [1, 5, 0, 4, 2], [1, 5, 0, 2, 4], [1, 5, 0, 2, 3], [3, 1, 5, 4, 2], [3, 1, 5, 4, 0], [3, 1, 5, 0, 4], [3, 1, 5, 0, 2], [4, 3, 5, 2, 1], [4, 3, 5, 2, 0], [4, 3, 5, 0, 2], [4, 3, 5, 0, 1], [2, 5, 4, 3, 1], [2, 5, 4, 3, 0], [2, 5, 4, 0, 3], [2, 5, 4, 0, 1], [0, 1, 4, 2, 5], [0, 1, 4, 2, 3], [0, 1, 4, 5, 3], [0, 1, 4, 5, 2], [0, 1, 5, 4, 3], [0, 1, 5, 4, 2], [0, 1, 5, 3, 4], [0, 1, 5, 3, 2], [0, 1, 5, 2, 4], [0, 1, 5, 2, 3], [1, 0, 5, 3, 4], [1, 0, 5, 3, 2], [1, 3, 0, 4, 5], [1, 3, 0, 4, 2], [0, 5, 3, 2, 4], [0, 5, 3, 2, 1], [1, 2, 3, 4, 5], [1, 2, 3, 4, 0], [5, 4, 3, 1, 2], [5, 4, 3, 1, 0], [4, 1, 5, 2, 3], [4, 1, 5, 2, 0], [3, 0, 4, 2, 5], [3, 0, 4, 2, 1], [3, 0, 2, 4, 5], [3, 0, 2, 4, 1], [5, 1, 4, 2, 3], [5, 1, 4, 2, 0], [4, 1, 2, 3, 5], [4, 1, 2, 3, 0], [4, 3, 1, 2, 5], [4, 3, 1, 2, 0], [1, 0, 4, 3, 5], [1, 0, 4, 3, 2], [3, 4, 5, 1, 2], [3, 4, 5, 1, 0], [5, 2, 4, 1, 3], [5, 2, 4, 1, 0], [5, 4, 2, 1, 3], [5, 4, 2, 1, 0], [0, 3, 4, 2, 5], [0, 3, 4, 2, 1], [5, 3, 4, 1, 2], [5, 3, 4, 1, 0], [3, 2, 4, 1, 5], [3, 2, 4, 1, 0], [0, 3, 1, 4, 5], [0, 3, 1, 4, 2], [3, 2, 0, 4, 5], [3, 2, 0, 4, 1], [5, 0, 4, 2, 3], [5, 0, 4, 2, 1], [4, 0, 5, 2, 3], [4, 0, 5, 2, 1], [1, 3, 5, 2, 4], [1, 3, 5, 2, 0], [5, 2, 1, 3, 4], [5, 2, 1, 3, 0], [2, 1, 5, 3, 4], [2, 1, 5, 3, 0], [5, 1, 0, 3, 4], [5, 1, 0, 3, 2], [4, 2, 3, 1, 5], [4, 2, 3, 1, 0], [3, 4, 1, 2, 5], [3, 4, 1, 2, 0], [4, 5, 3, 1, 2], [4, 5, 3, 1, 0], [2, 3, 5, 1, 4], [2, 3, 5, 1, 0], [4, 0, 2, 3, 5], [4, 0, 2, 3, 1], [4, 2, 0, 3, 5], [4, 2, 0, 3, 1], [2, 0, 5, 3, 4], [2, 0, 5, 3, 1], [5, 3, 1, 2, 4], [5, 3, 1, 2, 0], [3, 1, 2, 4, 5], [3, 1, 2, 4, 0], [5, 0, 3, 2, 4], [5, 0, 3, 2, 1], [0, 5, 4, 2, 3], [0, 5, 4, 2, 1], [0, 4, 5, 2, 3], [0, 4, 5, 2, 1], [5, 0, 1, 3, 4], [5, 0, 1, 3, 2], [2, 5, 3, 1, 4], [2, 5, 3, 1, 0], [0, 2, 5, 3, 4], [0, 2, 5, 3, 1], [3, 5, 2, 1, 4], [3, 5, 2, 1, 0], [2, 4, 0, 3, 5], [2, 4, 0, 3, 1], [3, 5, 0, 2, 4], [3, 5, 0, 2, 1], [4, 2, 5, 1, 3], [4, 2, 5, 1, 0], [0, 3, 5, 2, 4], [0, 3, 5, 2, 1], [2, 3, 0, 4, 5], [2, 3, 0, 4, 1], [1, 5, 3, 2, 4], [1, 5, 3, 2, 0], [2, 4, 5, 1, 3], [2, 4, 5, 1, 0], [2, 1, 0, 4, 5], [2, 1, 0, 4, 3], [1, 4, 5, 2, 3], [1, 4, 5, 2, 0], [4, 5, 1, 2, 3], [4, 5, 1, 2, 0], [1, 5, 0, 3, 4], [1, 5, 0, 3, 2], [3, 1, 5, 2, 4], [3, 1, 5, 2, 0], [2, 5, 4, 1, 3], [2, 5, 4, 1, 0], [0, 1, 4, 3, 5], [0, 1, 4, 3, 2], [1, 4, 0, 3, 5], [1, 4, 0, 3, 2], [3, 0, 5, 2, 4], [3, 0, 5, 2, 1], [0, 1, 2, 4, 5], [0, 1, 2, 4, 3], [2, 0, 3, 4, 5], [2, 0, 3, 4, 1], [2, 0, 1, 4, 5], [2, 0, 1, 4, 3], [1, 2, 4, 3, 5], [1, 2, 4, 3, 0], [0, 5, 2, 3, 4], [0, 5, 2, 3, 1], [1, 2, 5, 3, 4], [1, 2, 5, 3, 0], [4, 3, 2, 1, 5], [4, 3, 2, 1, 0], [4, 1, 0, 3, 5], [4, 1, 0, 3, 2], [4, 3, 0, 2, 5], [4, 3, 0, 2, 1], [1, 0, 2, 4, 5], [1, 0, 2, 4, 3], [0, 3, 2, 4, 5], [0, 3, 2, 4, 1], [3, 2, 1, 4, 5], [3, 2, 1, 4, 0], [0, 2, 4, 3, 5], [0, 2, 4, 3, 1], [3, 2, 5, 1, 4], [3, 2, 5, 1, 0], [0, 2, 1, 4, 5], [0, 2, 1, 4, 3], [3, 4, 2, 1, 5], [3, 4, 2, 1, 0], [4, 2, 1, 3, 5], [4, 2, 1, 3, 0], [4, 0, 3, 2, 5], [4, 0, 3, 2, 1], [3, 1, 4, 2, 5], [3, 1, 4, 2, 0], [5, 3, 0, 2, 4], [5, 3, 0, 2, 1], [3, 1, 0, 4, 5], [3, 1, 0, 4, 2], [3, 5, 4, 1, 2], [3, 5, 4, 1, 0], [2, 4, 1, 3, 5], [2, 4, 1, 3, 0], [3, 5, 1, 2, 4], [3, 5, 1, 2, 0], [1, 5, 2, 3, 4], [1, 5, 2, 3, 0], [2, 3, 1, 4, 5], [2, 3, 1, 4, 0], [1, 5, 4, 2, 3], [1, 5, 4, 2, 0], [4, 5, 2, 1, 3], [4, 5, 2, 1, 0], [1, 4, 3, 2, 5], [1, 4, 3, 2, 0], [4, 3, 5, 1, 2], [4, 3, 5, 1, 0], [2, 0, 4, 3, 5], [2, 0, 4, 3, 1], [0, 1, 3, 4, 5], [0, 1, 3, 4, 2], [1, 3, 2, 4, 5], [1, 3, 2, 4, 0], [1, 2, 0, 4, 5], [1, 2, 0, 4, 3], [4, 1, 3, 2, 5], [4, 1, 3, 2, 0], [1, 0, 3, 4, 5], [1, 0, 3, 4, 2], [5, 4, 0, 2, 3], [5, 4, 0, 2, 1], [5, 2, 3, 1, 4], [5, 2, 3, 1, 0], [5, 1, 2, 3, 4], [5, 1, 2, 3, 0], [3, 4, 0, 2, 5], [3, 4, 0, 2, 1], [5, 3, 2, 1, 4], [5, 3, 2, 1, 0], [5, 0, 2, 3, 4], [5, 0, 2, 3, 1], [2, 5, 0, 3, 4], [2, 5, 0, 3, 1], [2, 3, 4, 1, 5], [2, 3, 4, 1, 0], [2, 1, 3, 4, 5], [2, 1, 3, 4, 0], [4, 5, 0, 2, 3], [4, 5, 0, 2, 1], [0, 4, 1, 3, 5], [0, 4, 1, 3, 2], [1, 3, 4, 2, 5], [1, 3, 4, 2, 0], [3, 0, 1, 4, 5], [3, 0, 1, 4, 2], [5, 4, 1, 2, 3], [5, 4, 1, 2, 0], [5, 1, 3, 2, 4], [5, 1, 3, 2, 0], [4, 0, 1, 3, 5], [4, 0, 1, 3, 2], [2, 5, 1, 3, 4], [2, 5, 1, 3, 0], [2, 1, 4, 3, 5], [2, 1, 4, 3, 0], [1, 4, 2, 3, 5], [1, 4, 2, 3, 0], [0, 5, 1, 3, 4], [0, 5, 1, 3, 2], [0, 2, 3, 4, 5], [0, 2, 3, 4, 1], [2, 4, 3, 1, 5], [2, 4, 3, 1, 0], [0, 4, 2, 3, 5], [0, 4, 2, 3, 1], [5, 2, 0, 3, 4], [5, 2, 0, 3, 1]]
[0, 1, 2, 3, 4, 5, 6, 7, 8, 9]
[0, 1, 2, 3, 4, 5, 6, 7, 8, 9]
[(1, 4, 5, <_.0>), (1, 3, 4, <_.0>), (1, 5, 6, <_.0>), (1, 2, 3, <_.0>), (1, 1, 2, <_.0>), (1, 0, 1, <_.0>), (5, 5, 6, <_.0>), (5, 5, 7, <_.0>), (5, 5, 8, <_.0>), (5, 5, 9, <_.0>), (5, 5, 10, <_.0>), (5, 5, 5, <_.0>), (5, 4, 9, <_.0>), (5, 2, 7, <_.0>), (5, 1, 6, <_.0>), (5, 0, 5, <_.0>), (2, 3, 5, <_.0>), (2, 5, 7, <_.0>), (2, 2, 4, <_.0>), (2, 1, 3, <_.0>), (2, 0, 2, <_.0>), (0, 3, 3, <_.0>), (0, 5, 5, <_.0>), (0, 2, 2, <_.0>), (0, 1, 1, <_.0>), (0, 0, 0, <_.0>), (3, 2, 5, <_.0>), (3, 0, 3, <_.0>), (3, 3, 6, <_.0>), (3, 4, 7, <_.0>), (3, 5, 8, <_.0>), (4, 5, 9, <_.0>), (4, 4, 8, <_.0>), (4, 3, 7, <_.0>), (4, 2, 6, <_.0>), (4, 1, 5, <_.0>), (4, 0, 4, <_.0>), (0, 4, 4, <_.0>), (3, 1, 4, <_.0>), (5, 3, 8, <_.0>), (2, 4, 6, <_.0>)]
[(1, 0), (1, 1), (1, 2), (2, 0), (2, 1), (2, 2), (0, 1), (0, 2), (0, 0)]
Tests run: 10, Failures: 0, Errors: 0, Skipped: 0, Time elapsed: 0.248 sec
Running com.tgac.logic.finitedomain.OrderConstraintsTest
[(1, 1), (1, 2), (1, 3), (2, 2), (2, 3), (0, 0), (0, 1), (0, 2), (0, 3)]
[(3, 3), (3, 4), (3, 5), (4, 3), (4, 4), (4, 5)]
[(3, 3), (2, 2), (2, 3), (1, 2), (1, 3), (1, 1), (0, 1), (0, 2), (0, 3), (0, 0)]
[[0, 1, 2, 3, 5, 6], [0, 1, 2, 4, 5, 6], [1, 2, 3, 4, 5, 6], [0, 1, 3, 4, 5, 6], [0, 2, 3, 4, 5, 6], [0, 1, 2, 3, 4, 6], [0, 1, 2, 3, 4, 5]]
Tests run: 4, Failures: 0, Errors: 0, Skipped: 0, Time elapsed: 0.013 sec
Running com.tgac.logic.finitedomain.ParametersTest
[Package(substitutions=HashMap((<_.47952>, {0})), constraints=LinkedHashMap((class com.tgac.logic.finitedomain.FiniteDomainConstraints, FiniteDomainConstraints(domains=LinkedHashMap((<_.47952>, [0 … 9])), constraints=HashSet())))), Package(substitutions=HashMap((<_.47952>, {1})), constraints=LinkedHashMap((class com.tgac.logic.finitedomain.FiniteDomainConstraints, FiniteDomainConstraints(domains=LinkedHashMap((<_.47952>, [0 … 9])), constraints=HashSet())))), Package(substitutions=HashMap((<_.47952>, {2})), constraints=LinkedHashMap((class com.tgac.logic.finitedomain.FiniteDomainConstraints, FiniteDomainConstraints(domains=LinkedHashMap((<_.47952>, [0 … 9])), constraints=HashSet())))), Package(substitutions=HashMap((<_.47952>, {3})), constraints=LinkedHashMap((class com.tgac.logic.finitedomain.FiniteDomainConstraints, FiniteDomainConstraints(domains=LinkedHashMap((<_.47952>, [0 … 9])), constraints=HashSet())))), Package(substitutions=HashMap((<_.47952>, {4})), constraints=LinkedHashMap((class com.tgac.logic.finitedomain.FiniteDomainConstraints, FiniteDomainConstraints(domains=LinkedHashMap((<_.47952>, [0 … 9])), constraints=HashSet())))), Package(substitutions=HashMap((<_.47952>, {5})), constraints=LinkedHashMap((class com.tgac.logic.finitedomain.FiniteDomainConstraints, FiniteDomainConstraints(domains=LinkedHashMap((<_.47952>, [0 … 9])), constraints=HashSet())))), Package(substitutions=HashMap((<_.47952>, {6})), constraints=LinkedHashMap((class com.tgac.logic.finitedomain.FiniteDomainConstraints, FiniteDomainConstraints(domains=LinkedHashMap((<_.47952>, [0 … 9])), constraints=HashSet())))), Package(substitutions=HashMap((<_.47952>, {7})), constraints=LinkedHashMap((class com.tgac.logic.finitedomain.FiniteDomainConstraints, FiniteDomainConstraints(domains=LinkedHashMap((<_.47952>, [0 … 9])), constraints=HashSet())))), Package(substitutions=HashMap((<_.47952>, {8})), constraints=LinkedHashMap((class com.tgac.logic.finitedomain.FiniteDomainConstraints, FiniteDomainConstraints(domains=LinkedHashMap((<_.47952>, [0 … 9])), constraints=HashSet())))), Package(substitutions=HashMap((<_.47952>, {9})), constraints=LinkedHashMap((class com.tgac.logic.finitedomain.FiniteDomainConstraints, FiniteDomainConstraints(domains=LinkedHashMap((<_.47952>, [0 … 9])), constraints=HashSet()))))]
[Package(substitutions=HashMap((<_.47953>, {1}), (<_.47954>, {0})), constraints=LinkedHashMap((class com.tgac.logic.finitedomain.FiniteDomainConstraints, FiniteDomainConstraints(domains=LinkedHashMap((<_.47953>, [0 … 2]), (<_.47954>, [0 … 2])), constraints=HashSet())))), Package(substitutions=HashMap((<_.47953>, {1}), (<_.47954>, {1})), constraints=LinkedHashMap((class com.tgac.logic.finitedomain.FiniteDomainConstraints, FiniteDomainConstraints(domains=LinkedHashMap((<_.47953>, [0 … 2]), (<_.47954>, [0 … 2])), constraints=HashSet())))), Package(substitutions=HashMap((<_.47953>, {1}), (<_.47954>, {2})), constraints=LinkedHashMap((class com.tgac.logic.finitedomain.FiniteDomainConstraints, FiniteDomainConstraints(domains=LinkedHashMap((<_.47953>, [0 … 2]), (<_.47954>, [0 … 2])), constraints=HashSet())))), Package(substitutions=HashMap((<_.47953>, {2}), (<_.47954>, {0})), constraints=LinkedHashMap((class com.tgac.logic.finitedomain.FiniteDomainConstraints, FiniteDomainConstraints(domains=LinkedHashMap((<_.47953>, [0 … 2]), (<_.47954>, [0 … 2])), constraints=HashSet())))), Package(substitutions=HashMap((<_.47953>, {2}), (<_.47954>, {1})), constraints=LinkedHashMap((class com.tgac.logic.finitedomain.FiniteDomainConstraints, FiniteDomainConstraints(domains=LinkedHashMap((<_.47953>, [0 … 2]), (<_.47954>, [0 … 2])), constraints=HashSet())))), Package(substitutions=HashMap((<_.47953>, {2}), (<_.47954>, {2})), constraints=LinkedHashMap((class com.tgac.logic.finitedomain.FiniteDomainConstraints, FiniteDomainConstraints(domains=LinkedHashMap((<_.47953>, [0 … 2]), (<_.47954>, [0 … 2])), constraints=HashSet())))), Package(substitutions=HashMap((<_.47953>, {0}), (<_.47954>, {1})), constraints=LinkedHashMap((class com.tgac.logic.finitedomain.FiniteDomainConstraints, FiniteDomainConstraints(domains=LinkedHashMap((<_.47953>, [0 … 2]), (<_.47954>, [0 … 2])), constraints=HashSet())))), Package(substitutions=HashMap((<_.47953>, {0}), (<_.47954>, {2})), constraints=LinkedHashMap((class com.tgac.logic.finitedomain.FiniteDomainConstraints, FiniteDomainConstraints(domains=LinkedHashMap((<_.47953>, [0 … 2]), (<_.47954>, [0 … 2])), constraints=HashSet())))), Package(substitutions=HashMap((<_.47953>, {0}), (<_.47954>, {0})), constraints=LinkedHashMap((class com.tgac.logic.finitedomain.FiniteDomainConstraints, FiniteDomainConstraints(domains=LinkedHashMap((<_.47953>, [0 … 2]), (<_.47954>, [0 … 2])), constraints=HashSet()))))]
[(1, 0), (1, 1), (1, 2), (2, 0), (2, 1), (2, 2), (0, 1), (0, 2), (0, 0)]
Package(substitutions=HashMap((<_.47960>, {5}), (<_.47961>, {6}), (<_.47962>, {7}), (<_.47963>, {8}), (<_.47964>, {9}), (<_.47955>, {0}), (<_.47956>, {1}), (<_.47957>, {2}), (<_.47958>, {3}), (<_.47959>, {4})), constraints=LinkedHashMap((class com.tgac.logic.finitedomain.FiniteDomainConstraints, FiniteDomainConstraints(domains=LinkedHashMap(), constraints=HashSet()))))
Tests run: 3, Failures: 0, Errors: 0, Skipped: 0, Time elapsed: 0.148 sec
Running com.tgac.logic.finitedomain.MultiplicationTest
[(-3, 3, -2, -3), (-6, 3, -1, -3), (-9, 3, 0, -3), (-15, 3, 2, -3), (-12, 3, 1, -3)]
[(-1, 1, -1), (-1, 2, -2), (-1, 0, 0), (-1, -1, 1), (-1, -2, 2), (0, 2, 0), (0, 0, 0), (0, -1, 0), (0, -2, 0), (-2, 2, -4), (-2, 0, 0), (-2, -1, 2), (-2, -2, 4), (2, -2, -4), (2, 0, 0), (2, 1, 2), (2, 2, 4), (1, 2, 2), (1, 1, 1), (1, 0, 0), (1, -1, -1), (1, -2, -2), (2, -1, -2), (0, 1, 0), (-2, 1, -2)]
Tests run: 9, Failures: 0, Errors: 0, Skipped: 0, Time elapsed: 1.601 sec
Running com.tgac.logic.finitedomain.SummationTest
(<_.47994> + <_.47995> = <_.47996> && <_.47994> ≠_fd <_.47995> && <_.47994> ⊂ [0 → 100] && <_.47995> ⊂ [0 → 100] && <_.47996> ⊂ [0 → 100])
0.129
5100
[[9, 5, 6, 7, 1, 0, 8, 2]]
Tests run: 4, Failures: 0, Errors: 0, Skipped: 0, Time elapsed: 0.749 sec
Running com.tgac.logic.MatcheTest
[123, 124, 125]
[[1, 2]]
[123]
[123]
[123]
[123]
[[1, 2, 3], [1, 2, 3, 4, 5]]
[[1], [1]]
[123, 124, 125]
[(1, 2)]
Tests run: 10, Failures: 0, Errors: 0, Skipped: 0, Time elapsed: 0.004 sec
Running com.tgac.logic.ckanren.CKanrenTest
Tests run: 1, Failures: 0, Errors: 0, Skipped: 0, Time elapsed: 0.001 sec
Running com.tgac.logic.separate.SeparateTest
[2, 3, 2, 3, 2]
[3, 2, 2, 3, 2]
[{({2}, {3})}]
{()}
{(<_.0>)}
{(<_.0>, <_.1>)} : (<_.0> ≠ <_.1>)
{(<_.0>, <_.1>, <_.2>)} : (<_.0> ≠ <_.1>) || (<_.0> ≠ <_.2>) || (<_.1> ≠ <_.2>)
{(<_.0>, <_.1>, <_.2>, <_.3>)} : (<_.0> ≠ <_.1>) || (<_.0> ≠ <_.2>) || (<_.0> ≠ <_.3>) || (<_.2> ≠ <_.3>) || (<_.1> ≠ <_.2>) || (<_.1> ≠ <_.3>)
{(<_.0>, <_.1>)} : (<_.0> ≠ {3})
[3, 3, 2]
[3, 3, 2]
[3, 2, 3]
[3, 2, 3, 2]
[{({1}, <_.0>, <_.1>)} : (<_.0> ≠ {1}) || (<_.1> ≠ {1}) || (<_.0> ≠ <_.1>)]
[{({2}, {3}, {4})}]
{({(<_.3>, <_.2>)}, {(<_.2>, <_.3>)} . <_.4>)} : (<_.3> ≠ {3}) || (<_.2> ≠ {2}) || (<_.2> ≠ {8} && <_.3> ≠ {7})
<_.0> : (<_.0> ≠ {3})
[3]
Tests run: 18, Failures: 0, Errors: 0, Skipped: 0, Time elapsed: 0.016 sec
Running com.tgac.logic.projection.ProjectionConstraintsTest
Tests run: 3, Failures: 0, Errors: 0, Skipped: 0, Time elapsed: 0.002 sec

Results :

Tests in error: 
  shouldUnifyVarWithList(com.tgac.logic.unification.MiniKanrenTest): No value present
  testTabledAncestorWithGroundArguments(com.tgac.logic.tabling.TablingTest): Error getting answer from table
  testTabledGoalWithNonGroundArgs(com.tgac.logic.tabling.TablingTest): Error getting answer from table
  testDeepRecursionChain(com.tgac.logic.tabling.TablingTest): Error getting answer from table
  testTabledAncestorFindAncestors(com.tgac.logic.tabling.TablingTest): Error getting answer from table
  testTablingCachesResults(com.tgac.logic.tabling.TablingTest): Error getting answer from table
  testManyAnswers(com.tgac.logic.tabling.TablingTest): Error getting answer from table
  testLeftRecursion(com.tgac.logic.tabling.TablingTest): test timed out after 5000 milliseconds
  testMultipleConcurrentSlaves(com.tgac.logic.tabling.TablingTest): Error getting answer from table
  testTabledGoalWithSingleAnswer(com.tgac.logic.tabling.TablingTest): Error getting answer from table
  testTabledAncestorFindDescendants(com.tgac.logic.tabling.TablingTest): Error getting answer from table
  testMutuallyRecursiveEvenOdd(com.tgac.logic.tabling.TablingTest): Error getting answer from table
  testTablingWithNestedStructures(com.tgac.logic.tabling.TablingTest): Error getting answer from table

Tests run: 243, Failures: 0, Errors: 13, Skipped: 0

[INFO] ------------------------------------------------------------------------
[INFO] BUILD FAILURE
[INFO] ------------------------------------------------------------------------
[INFO] Total time:  9.480 s
[INFO] Finished at: 2025-11-02T15:26:44+01:00
[INFO] ------------------------------------------------------------------------
[ERROR] Failed to execute goal org.apache.maven.plugins:maven-surefire-plugin:2.12.4:test (default-test) on project logic: There are test failures.
[ERROR] 
[ERROR] Please refer to /Users/praca/Desktop/projects/training/logic/target/surefire-reports for the individual test results.
[ERROR] -> [Help 1]
[ERROR] 
[ERROR] To see the full stack trace of the errors, re-run Maven with the -e switch.
[ERROR] Re-run Maven using the -X switch to enable full debug logging.
[ERROR] 
[ERROR] For more information about the errors and possible solutions, please read the following articles:
[ERROR] [Help 1] http://cwiki.apache.org/confluence/display/MAVEN/MojoFailureException
